Component: ARM Compiler 5.06 update 5 (build 528) Tool: armlink [4d35e2]

==============================================================================

Section Cross References

    main.o(i.SystemClock_Config) refers to rt_memclr.o(.text) for __aeabi_memclr4
    main.o(i.SystemClock_Config) refers to stm32g0xx_hal_pwr_ex.o(i.HAL_PWREx_ControlVoltageScaling) for HAL_PWREx_ControlVoltageScaling
    main.o(i.SystemClock_Config) refers to stm32g0xx_hal_rcc.o(i.HAL_RCC_OscConfig) for HAL_RCC_OscConfig
    main.o(i.SystemClock_Config) refers to stm32g0xx_hal_rcc.o(i.HAL_RCC_ClockConfig) for HAL_RCC_ClockConfig
    main.o(i.main) refers to stm32g0xx_hal.o(i.HAL_Init) for HAL_Init
    main.o(i.main) refers to main.o(i.SystemClock_Config) for SystemClock_Config
    main.o(i.main) refers to delay.o(i.Delay_init) for Delay_init
    main.o(i.main) refers to oled.o(i.OLED_Init) for OLED_Init
    main.o(i.main) refers to menu.o(i.GPIO_NMos_Init) for GPIO_NMos_Init
    main.o(i.main) refers to key.o(i.GPIO_Begin) for GPIO_Begin
    main.o(i.main) refers to at24c32.o(i.AT24C32_Begin) for AT24C32_Begin
    main.o(i.main) refers to key.o(i.Set_Init) for Set_Init
    main.o(i.main) refers to oled.o(i.OLED_ColorTurn) for OLED_ColorTurn
    main.o(i.main) refers to oled.o(i.OLED_DisplayTurn) for OLED_DisplayTurn
    main.o(i.main) refers to stm32g0xx_hal_gpio.o(i.HAL_GPIO_WritePin) for HAL_GPIO_WritePin
    main.o(i.main) refers to timer.o(i.Timer_Init) for Timer_Init
    main.o(i.main) refers to adc.o(i.ADC_Dma_Init) for ADC_Dma_Init
    main.o(i.main) refers to adc.o(i.ADC_Init) for ADC_Init
    main.o(i.main) refers to stm32g0xx_hal_adc.o(i.HAL_ADC_Start_DMA) for HAL_ADC_Start_DMA
    main.o(i.main) refers to key.o(i.Key_Loop) for Key_Loop
    main.o(i.main) refers to stm32g0xx_hal.o(i.HAL_Delay) for HAL_Delay
    main.o(i.main) refers to key.o(.data) for UI_switch_Flag
    main.o(i.main) refers to adc.o(.data) for ADC_ALL_BUFF
    main.o(i.main) refers to adc.o(.bss) for hadc1
    gpio.o(i.MX_GPIO_Init) refers to rt_memclr.o(.text) for __aeabi_memclr4
    gpio.o(i.MX_GPIO_Init) refers to stm32g0xx_hal_gpio.o(i.HAL_GPIO_Init) for HAL_GPIO_Init
    stm32g0xx_it.o(i.SysTick_Handler) refers to stm32g0xx_hal.o(i.HAL_IncTick) for HAL_IncTick
    stm32g0xx_hal_tim.o(i.HAL_TIM_Base_DeInit) refers to stm32g0xx_hal_tim.o(i.HAL_TIM_Base_MspDeInit) for HAL_TIM_Base_MspDeInit
    stm32g0xx_hal_tim.o(i.HAL_TIM_Base_Init) refers to stm32g0xx_hal_tim.o(i.HAL_TIM_Base_MspInit) for HAL_TIM_Base_MspInit
    stm32g0xx_hal_tim.o(i.HAL_TIM_Base_Init) refers to stm32g0xx_hal_tim.o(i.TIM_Base_SetConfig) for TIM_Base_SetConfig
    stm32g0xx_hal_tim.o(i.HAL_TIM_Base_Start_DMA) refers to stm32g0xx_hal_dma.o(i.HAL_DMA_Start_IT) for HAL_DMA_Start_IT
    stm32g0xx_hal_tim.o(i.HAL_TIM_Base_Start_DMA) refers to stm32g0xx_hal_tim.o(i.TIM_DMAPeriodElapsedCplt) for TIM_DMAPeriodElapsedCplt
    stm32g0xx_hal_tim.o(i.HAL_TIM_Base_Start_DMA) refers to stm32g0xx_hal_tim.o(i.TIM_DMAPeriodElapsedHalfCplt) for TIM_DMAPeriodElapsedHalfCplt
    stm32g0xx_hal_tim.o(i.HAL_TIM_Base_Start_DMA) refers to stm32g0xx_hal_tim.o(i.TIM_DMAError) for TIM_DMAError
    stm32g0xx_hal_tim.o(i.HAL_TIM_Base_Stop_DMA) refers to stm32g0xx_hal_dma.o(i.HAL_DMA_Abort_IT) for HAL_DMA_Abort_IT
    stm32g0xx_hal_tim.o(i.HAL_TIM_ConfigClockSource) refers to stm32g0xx_hal_tim.o(i.TIM_ETR_SetConfig) for TIM_ETR_SetConfig
    stm32g0xx_hal_tim.o(i.HAL_TIM_ConfigClockSource) refers to stm32g0xx_hal_tim.o(i.TIM_TI1_ConfigInputStage) for TIM_TI1_ConfigInputStage
    stm32g0xx_hal_tim.o(i.HAL_TIM_ConfigClockSource) refers to stm32g0xx_hal_tim.o(i.TIM_TI2_ConfigInputStage) for TIM_TI2_ConfigInputStage
    stm32g0xx_hal_tim.o(i.HAL_TIM_ConfigClockSource) refers to stm32g0xx_hal_tim.o(i.TIM_ITRx_SetConfig) for TIM_ITRx_SetConfig
    stm32g0xx_hal_tim.o(i.HAL_TIM_ConfigOCrefClear) refers to stm32g0xx_hal_tim.o(i.TIM_ETR_SetConfig) for TIM_ETR_SetConfig
    stm32g0xx_hal_tim.o(i.HAL_TIM_DMABurst_MultiReadStart) refers to stm32g0xx_hal_dma.o(i.HAL_DMA_Start_IT) for HAL_DMA_Start_IT
    stm32g0xx_hal_tim.o(i.HAL_TIM_DMABurst_MultiReadStart) refers to stm32g0xx_hal_tim.o(i.TIM_DMAError) for TIM_DMAError
    stm32g0xx_hal_tim.o(i.HAL_TIM_DMABurst_MultiReadStart) refers to stm32g0xx_hal_tim.o(i.TIM_DMACaptureCplt) for TIM_DMACaptureCplt
    stm32g0xx_hal_tim.o(i.HAL_TIM_DMABurst_MultiReadStart) refers to stm32g0xx_hal_tim.o(i.TIM_DMACaptureHalfCplt) for TIM_DMACaptureHalfCplt
    stm32g0xx_hal_tim.o(i.HAL_TIM_DMABurst_MultiReadStart) refers to stm32g0xx_hal_tim.o(i.TIM_DMATriggerCplt) for TIM_DMATriggerCplt
    stm32g0xx_hal_tim.o(i.HAL_TIM_DMABurst_MultiReadStart) refers to stm32g0xx_hal_tim.o(i.TIM_DMATriggerHalfCplt) for TIM_DMATriggerHalfCplt
    stm32g0xx_hal_tim.o(i.HAL_TIM_DMABurst_MultiReadStart) refers to stm32g0xx_hal_tim.o(i.TIM_DMAPeriodElapsedCplt) for TIM_DMAPeriodElapsedCplt
[...]
    menu\menu_gui.c                          0x00000000   Number         0  menu_gui.o ABSOLUTE
    startup_stm32g030xx.s                    0x00000000   Number         0  startup_stm32g030xx.o ABSOLUTE
    RESET                                    0x08000000   Section      192  startup_stm32g030xx.o(RESET)
    !!!main                                  0x080000c0   Section        8  __main.o(!!!main)
    !!!scatter                               0x080000c8   Section       60  __scatter.o(!!!scatter)
    !!handler_zi                             0x08000104   Section       28  __scatter_zi.o(!!handler_zi)
    .ARM.Collect$$libinit$$00000000          0x08000120   Section        2  libinit.o(.ARM.Collect$$libinit$$00000000)
    .ARM.Collect$$libinit$$00000002          0x08000122   Section        0  libinit2.o(.ARM.Collect$$libinit$$00000002)
    .ARM.Collect$$libinit$$00000004          0x08000122   Section        0  libinit2.o(.ARM.Collect$$libinit$$00000004)
    .ARM.Collect$$libinit$$0000000A          0x08000122   Section        0  libinit2.o(.ARM.Collect$$libinit$$0000000A)
    .ARM.Collect$$libinit$$0000000C          0x08000122   Section        0  libinit2.o(.ARM.Collect$$libinit$$0000000C)
    .ARM.Collect$$libinit$$0000000E          0x08000122   Section        0  libinit2.o(.ARM.Collect$$libinit$$0000000E)
    .ARM.Collect$$libinit$$00000011          0x08000122   Section        0  libinit2.o(.ARM.Collect$$libinit$$00000011)
    .ARM.Collect$$libinit$$00000013          0x08000122   Section        0  libinit2.o(.ARM.Collect$$libinit$$00000013)
    .ARM.Collect$$libinit$$00000015          0x08000122   Section        0  libinit2.o(.ARM.Collect$$libinit$$00000015)
    .ARM.Collect$$libinit$$00000017          0x08000122   Section        0  libinit2.o(.ARM.Collect$$libinit$$00000017)
    .ARM.Collect$$libinit$$00000019          0x08000122   Section        0  libinit2.o(.ARM.Collect$$libinit$$00000019)
    .ARM.Collect$$libinit$$0000001B          0x08000122   Section        0  libinit2.o(.ARM.Collect$$libinit$$0000001B)
    .ARM.Collect$$libinit$$0000001D          0x08000122   Section        0  libinit2.o(.ARM.Collect$$libinit$$0000001D)
    .ARM.Collect$$libinit$$0000001F          0x08000122   Section        0  libinit2.o(.ARM.Collect$$libinit$$0000001F)
    .ARM.Collect$$libinit$$00000021          0x08000122   Section        0  libinit2.o(.ARM.Collect$$libinit$$00000021)
    .ARM.Collect$$libinit$$00000023          0x08000122   Section        0  libinit2.o(.ARM.Collect$$libinit$$00000023)
    .ARM.Collect$$libinit$$00000025          0x08000122   Section        0  libinit2.o(.ARM.Collect$$libinit$$00000025)
    .ARM.Collect$$libinit$$0000002C          0x08000122   Section        0  libinit2.o(.ARM.Collect$$libinit$$0000002C)
    .ARM.Collect$$libinit$$0000002E          0x08000122   Section        0  libinit2.o(.ARM.Collect$$libinit$$0000002E)
    .ARM.Collect$$libinit$$00000030          0x08000122   Section        0  libinit2.o(.ARM.Collect$$libinit$$00000030)
    .ARM.Collect$$libinit$$00000032          0x08000122   Section        0  libinit2.o(.ARM.Collect$$libinit$$00000032)
    .ARM.Collect$$libinit$$00000033          0x08000122   Section        2  libinit2.o(.ARM.Collect$$libinit$$00000033)
    .ARM.Collect$$libshutdown$$00000000      0x08000124   Section        2  libshutdown.o(.ARM.Collect$$libshutdown$$00000000)
    .ARM.Collect$$libshutdown$$00000002      0x08000126   Section        0  libshutdown2.o(.ARM.Collect$$libshutdown$$00000002)
    .ARM.Collect$$libshutdown$$00000004      0x08000126   Section        0  libshutdown2.o(.ARM.Collect$$libshutdown$$00000004)
    .ARM.Collect$$libshutdown$$00000007      0x08000126   Section        0  libshutdown2.o(.ARM.Collect$$libshutdown$$00000007)
    .ARM.Collect$$libshutdown$$0000000A      0x08000126   Section        0  libshutdown2.o(.ARM.Collect$$libshutdown$$0000000A)
    .ARM.Collect$$libshutdown$$0000000C      0x08000126   Section        0  libshutdown2.o(.ARM.Collect$$libshutdown$$0000000C)
    .ARM.Collect$$libshutdown$$0000000F      0x08000126   Section        0  libshutdown2.o(.ARM.Collect$$libshutdown$$0000000F)
    .ARM.Collect$$libshutdown$$00000010      0x08000126   Section        2  libshutdown2.o(.ARM.Collect$$libshutdown$$00000010)
    .ARM.Collect$$rtentry$$00000000          0x08000128   Section        0  __rtentry.o(.ARM.Collect$$rtentry$$00000000)
    .ARM.Collect$$rtentry$$00000002          0x08000128   Section        0  __rtentry2.o(.ARM.Collect$$rtentry$$00000002)
    .ARM.Collect$$rtentry$$00000004          0x08000128   Section        6  __rtentry4.o(.ARM.Collect$$rtentry$$00000004)
    .ARM.Collect$$rtentry$$00000009          0x0800012e   Section        0  __rtentry2.o(.ARM.Collect$$rtentry$$00000009)
    .ARM.Collect$$rtentry$$0000000A          0x0800012e   Section        4  __rtentry2.o(.ARM.Collect$$rtentry$$0000000A)
    .ARM.Collect$$rtentry$$0000000C          0x08000132   Section        0  __rtentry2.o(.ARM.Collect$$rtentry$$0000000C)
    .ARM.Collect$$rtentry$$0000000D          0x08000132   Section        8  __rtentry2.o(.ARM.Collect$$rtentry$$0000000D)
    .ARM.Collect$$rtexit$$00000000           0x0800013a   Section        2  rtexit.o(.ARM.Collect$$rtexit$$00000000)
    .ARM.Collect$$rtexit$$00000002           0x0800013c   Section        0  rtexit2.o(.ARM.Collect$$rtexit$$00000002)
    .ARM.Collect$$rtexit$$00000003           0x0800013c   Section        4  rtexit2.o(.ARM.Collect$$rtexit$$00000003)
    .ARM.Collect$$rtexit$$00000004           0x08000140   Section        6  rtexit2.o(.ARM.Collect$$rtexit$$00000004)
    .text                                    0x08000148   Section       56  startup_stm32g030xx.o(.text)
    .text                                    0x08000180   Section        0  rt_memclr.o(.text)
    .text                                    0x080001c0   Section      346  aeabi_sdiv.o(.text)
    .text                                    0x0800031a   Section        0  heapauxi.o(.text)
    .text                                    0x08000320   Section        0  d2f.o(.text)
    .text                                    0x0800039c   Section        0  daddsub.o(.text)
    _dadd1                                   0x0800039d   Thumb Code   290  daddsub.o(.text)
    _dsub1                                   0x080004bf   Thumb Code   470  daddsub.o(.text)
    .text                                    0x080006f4   Section        0  ddiv.o(.text)
    .text                                    0x08000b3c   Section        0  dfixui.o(.text)
    .text                                    0x08000b84   Section        0  dflti.o(.text)
    .text                                    0x08000bdc   Section        0  dmul.o(.text)
    .text                                    0x08000e24   Section        0  f2d.o(.text)
    .text                                    0x08000e78   Section        0  ffixui.o(.text)
    .text                                    0x08000ea8   Section        0  dcmpin.o(.text)
    .text                                    0x08000f38   Section        0  cmpret.o(.text)
    .text                                    0x08000f68   Section        0  dnan2.o(.text)
    .text                                    0x08000f7c   Section       62  sys_stackheap_outer.o(.text)
    .text                                    0x08000fba   Section        0  exit.o(.text)
    .text                                    0x08000fca   Section        0  retnan.o(.text)
    .text                                    0x08001028   Section        8  libspace.o(.text)
    .text                                    0x08001030   Section        0  sys_exit.o(.text)
    .text                                    0x0800103c   Section        2  use_no_semi.o(.text)
    .text                                    0x0800103e   Section        0  indicate_semi.o(.text)
    .text                                    0x0800103e   Section        0  __dczerorl2.o(.text)
    i.ADC_DMAConvCplt                        0x08001094   Section        0  stm32g0xx_hal_adc.o(i.ADC_DMAConvCplt)
    ADC_DMAConvCplt                          0x08001095   Thumb Code   128  stm32g0xx_hal_adc.o(i.ADC_DMAConvCplt)
    i.ADC_DMAError                           0x08001114   Section        0  stm32g0xx_hal_adc.o(i.ADC_DMAError)
    ADC_DMAError                             0x08001115   Thumb Code    26  stm32g0xx_hal_adc.o(i.ADC_DMAError)
    i.ADC_DMAHalfConvCplt                    0x0800112e   Section        0  stm32g0xx_hal_adc.o(i.ADC_DMAHalfConvCplt)
    ADC_DMAHalfConvCplt                      0x0800112f   Thumb Code    10  stm32g0xx_hal_adc.o(i.ADC_DMAHalfConvCplt)
    i.ADC_Disable                            0x08001138   Section        0  stm32g0xx_hal_adc.o(i.ADC_Disable)
    i.ADC_Dma_Init                           0x080011ac   Section        0  adc.o(i.ADC_Dma_Init)
    i.ADC_Enable                             0x080011fc   Section        0  stm32g0xx_hal_adc.o(i.ADC_Enable)
    i.ADC_Init                               0x080012b0   Section        0  adc.o(i.ADC_Init)
    i.AT24C32_Begin                          0x08001390   Section        0  at24c32.o(i.AT24C32_Begin)
    i.AT24C32_Read_OneByte                   0x080013a6   Section        0  at24c32.o(i.AT24C32_Read_OneByte)
    i.AT24C32_Write_OneByte                  0x080013e2   Section        0  at24c32.o(i.AT24C32_Write_OneByte)
    i.DMA_CalcDMAMUXChannelBaseAndMask       0x08001418   Section        0  stm32g0xx_hal_dma.o(i.DMA_CalcDMAMUXChannelBaseAndMask)
    DMA_CalcDMAMUXChannelBaseAndMask         0x08001419   Thumb Code    44  stm32g0xx_hal_dma.o(i.DMA_CalcDMAMUXChannelBaseAndMask)
    i.DMA_CalcDMAMUXRequestGenBaseAndMask    0x08001448   Section        0  stm32g0xx_hal_dma.o(i.DMA_CalcDMAMUXRequestGenBaseAndMask)
    DMA_CalcDMAMUXRequestGenBaseAndMask      0x08001449   Thumb Code    34  stm32g0xx_hal_dma.o(i.DMA_CalcDMAMUXRequestGenBaseAndMask)
    i.DMA_SetConfig                          0x08001470   Section        0  stm32g0xx_hal_dma.o(i.DMA_SetConfig)
    DMA_SetConfig                            0x08001471   Thumb Code    66  stm32g0xx_hal_dma.o(i.DMA_SetConfig)
    i.Delay_init                             0x080014b8   Section        0  delay.o(i.Delay_init)
    i.GPIO_Begin                             0x080014cc   Section        0  key.o(i.GPIO_Begin)
    i.GPIO_NMos_Init                         0x080014fc   Section        0  menu.o(i.GPIO_NMos_Init)
    i.GPIO_OUT_IN                            0x08001570   Section        0  wire.o(i.GPIO_OUT_IN)
    i.GPIO_inits                             0x080015d0   Section        0  wire.o(i.GPIO_inits)
    i.HAL_ADCEx_Calibration_Start            0x0800161c   Section        0  stm32g0xx_hal_adc_ex.o(i.HAL_ADCEx_Calibration_Start)
    i.HAL_ADC_ConfigChannel                  0x08001744   Section        0  stm32g0xx_hal_adc.o(i.HAL_ADC_ConfigChannel)
    i.HAL_ADC_ConvCpltCallback               0x08001968   Section        0  stm32g0xx_hal_adc.o(i.HAL_ADC_ConvCpltCallback)
    i.HAL_ADC_ConvHalfCpltCallback           0x0800196a   Section        0  stm32g0xx_hal_adc.o(i.HAL_ADC_ConvHalfCpltCallback)
    i.HAL_ADC_ErrorCallback                  0x0800196c   Section        0  stm32g0xx_hal_adc.o(i.HAL_ADC_ErrorCallback)
    i.HAL_ADC_Init                           0x08001970   Section        0  stm32g0xx_hal_adc.o(i.HAL_ADC_Init)
    i.HAL_ADC_MspInit                        0x08001b90   Section        0  stm32g0xx_hal_adc.o(i.HAL_ADC_MspInit)
    i.HAL_ADC_Start_DMA                      0x08001b94   Section        0  stm32g0xx_hal_adc.o(i.HAL_ADC_Start_DMA)
    i.HAL_DMA_Init                           0x08001c48   Section        0  stm32g0xx_hal_dma.o(i.HAL_DMA_Init)
    i.HAL_DMA_Start_IT                       0x08001cec   Section        0  stm32g0xx_hal_dma.o(i.HAL_DMA_Start_IT)
    i.HAL_Delay                              0x08001d78   Section        0  stm32g0xx_hal.o(i.HAL_Delay)
    i.HAL_GPIO_Init                          0x08001d9c   Section        0  stm32g0xx_hal_gpio.o(i.HAL_GPIO_Init)
    i.HAL_GPIO_ReadPin                       0x08001ef8   Section        0  stm32g0xx_hal_gpio.o(i.HAL_GPIO_ReadPin)
    i.HAL_GPIO_WritePin                      0x08001f02   Section        0  stm32g0xx_hal_gpio.o(i.HAL_GPIO_WritePin)
    i.HAL_GetTick                            0x08001f10   Section        0  stm32g0xx_hal.o(i.HAL_GetTick)
    i.HAL_IncTick                            0x08001f1c   Section        0  stm32g0xx_hal.o(i.HAL_IncTick)
    i.HAL_Init                               0x08001f2c   Section        0  stm32g0xx_hal.o(i.HAL_Init)
    i.HAL_InitTick                           0x08001f54   Section        0  stm32g0xx_hal.o(i.HAL_InitTick)
    i.HAL_MspInit                            0x08001f9c   Section        0  stm32g0xx_hal_msp.o(i.HAL_MspInit)
    i.HAL_NVIC_EnableIRQ                     0x08001fc8   Section        0  stm32g0xx_hal_cortex.o(i.HAL_NVIC_EnableIRQ)
    i.HAL_NVIC_SetPriority                   0x08001fe0   Section        0  stm32g0xx_hal_cortex.o(i.HAL_NVIC_SetPriority)
    i.HAL_PWREx_ControlVoltageScaling        0x08001fe8   Section        0  stm32g0xx_hal_pwr_ex.o(i.HAL_PWREx_ControlVoltageScaling)
    i.HAL_RCC_ClockConfig                    0x08002034   Section        0  stm32g0xx_hal_rcc.o(i.HAL_RCC_ClockConfig)
    i.HAL_RCC_GetSysClockFreq                0x0800218c   Section        0  stm32g0xx_hal_rcc.o(i.HAL_RCC_GetSysClockFreq)
    i.HAL_RCC_OscConfig                      0x08002218   Section        0  stm32g0xx_hal_rcc.o(i.HAL_RCC_OscConfig)
    i.HAL_SYSTICK_CLKSourceConfig            0x080025f0   Section        0  stm32g0xx_hal_cortex.o(i.HAL_SYSTICK_CLKSourceConfig)
    i.HAL_SYSTICK_Config                     0x08002608   Section        0  stm32g0xx_hal_cortex.o(i.HAL_SYSTICK_Config)
    i.HAL_TIMEx_Break2Callback               0x08002638   Section        0  stm32g0xx_hal_tim_ex.o(i.HAL_TIMEx_Break2Callback)
    i.HAL_TIMEx_BreakCallback                0x0800263a   Section        0  stm32g0xx_hal_tim_ex.o(i.HAL_TIMEx_BreakCallback)
    i.HAL_TIMEx_CommutCallback               0x0800263c   Section        0  stm32g0xx_hal_tim_ex.o(i.HAL_TIMEx_CommutCallback)
    i.HAL_TIMEx_MasterConfigSynchronization  0x08002640   Section        0  stm32g0xx_hal_tim_ex.o(i.HAL_TIMEx_MasterConfigSynchronization)
    i.HAL_TIM_Base_Init                      0x080026a4   Section        0  stm32g0xx_hal_tim.o(i.HAL_TIM_Base_Init)
    i.HAL_TIM_Base_MspInit                   0x080026f0   Section        0  stm32g0xx_hal_tim.o(i.HAL_TIM_Base_MspInit)
    i.HAL_TIM_Base_Start_IT                  0x080026f4   Section        0  stm32g0xx_hal_tim.o(i.HAL_TIM_Base_Start_IT)
    i.HAL_TIM_ConfigClockSource              0x08002744   Section        0  stm32g0xx_hal_tim.o(i.HAL_TIM_ConfigClockSource)
    i.HAL_TIM_IC_CaptureCallback             0x08002824   Section        0  stm32g0xx_hal_tim.o(i.HAL_TIM_IC_CaptureCallback)
    i.HAL_TIM_IRQHandler                     0x08002828   Section        0  stm32g0xx_hal_tim.o(i.HAL_TIM_IRQHandler)
    i.HAL_TIM_OC_DelayElapsedCallback        0x080029ac   Section        0  stm32g0xx_hal_tim.o(i.HAL_TIM_OC_DelayElapsedCallback)
    i.HAL_TIM_PWM_PulseFinishedCallback      0x080029ae   Section        0  stm32g0xx_hal_tim.o(i.HAL_TIM_PWM_PulseFinishedCallback)
    i.HAL_TIM_PeriodElapsedCallback          0x080029b0   Section        0  timer.o(i.HAL_TIM_PeriodElapsedCallback)
    i.HAL_TIM_TriggerCallback                0x08002ac4   Section        0  stm32g0xx_hal_tim.o(i.HAL_TIM_TriggerCallback)
    i.HardFault_Handler                      0x08002ac6   Section        0  stm32g0xx_it.o(i.HardFault_Handler)
    i.I2C_ACK_Wait                           0x08002ac8   Section        0  wire.o(i.I2C_ACK_Wait)
    i.I2C_NACK                               0x08002b18   Section        0  wire.o(i.I2C_NACK)
    i.I2C_Read_Byte                          0x08002b5e   Section        0  wire.o(i.I2C_Read_Byte)
    i.I2C_Send_Byte                          0x08002bb0   Section        0  wire.o(i.I2C_Send_Byte)
    i.I2C_Start                              0x08002c14   Section        0  oled.o(i.I2C_Start)
    i.I2C_Stop                               0x08002c54   Section        0  oled.o(i.I2C_Stop)
    i.I2C_Stopping                           0x08002c84   Section        0  wire.o(i.I2C_Stopping)
    i.I2C_Strat                              0x08002cc2   Section        0  wire.o(i.I2C_Strat)
    i.I2C_WaitAck                            0x08002d08   Section        0  oled.o(i.I2C_WaitAck)
    i.IIC_delay                              0x08002d3c   Section        0  oled.o(i.IIC_delay)
    i.Key_Loop                               0x08002d4c   Section        0  key.o(i.Key_Loop)
    i.LL_ADC_IsEnabled                       0x08002e94   Section        0  stm32g0xx_hal_adc.o(i.LL_ADC_IsEnabled)
    LL_ADC_IsEnabled                         0x08002e95   Thumb Code     8  stm32g0xx_hal_adc.o(i.LL_ADC_IsEnabled)
    i.LL_ADC_IsEnabled                       0x08002e9c   Section        0  stm32g0xx_hal_adc_ex.o(i.LL_ADC_IsEnabled)
    LL_ADC_IsEnabled                         0x08002e9d   Thumb Code     8  stm32g0xx_hal_adc_ex.o(i.LL_ADC_IsEnabled)
    i.LL_ADC_REG_IsConversionOngoing         0x08002ea4   Section        0  stm32g0xx_hal_adc.o(i.LL_ADC_REG_IsConversionOngoing)
    LL_ADC_REG_IsConversionOngoing           0x08002ea5   Thumb Code     8  stm32g0xx_hal_adc.o(i.LL_ADC_REG_IsConversionOngoing)
    i.LL_ADC_REG_IsTriggerSourceSWStart      0x08002eac   Section        0  stm32g0xx_hal_adc.o(i.LL_ADC_REG_IsTriggerSourceSWStart)
    LL_ADC_REG_IsTriggerSourceSWStart        0x08002ead   Thumb Code    16  stm32g0xx_hal_adc.o(i.LL_ADC_REG_IsTriggerSourceSWStart)
    i.LL_ADC_SetCommonPathInternalCh         0x08002ebc   Section        0  stm32g0xx_hal_adc.o(i.LL_ADC_SetCommonPathInternalCh)
    LL_ADC_SetCommonPathInternalCh           0x08002ebd   Thumb Code    14  stm32g0xx_hal_adc.o(i.LL_ADC_SetCommonPathInternalCh)
    i.LL_ADC_SetSamplingTimeCommonChannels   0x08002eca   Section        0  stm32g0xx_hal_adc.o(i.LL_ADC_SetSamplingTimeCommonChannels)
    LL_ADC_SetSamplingTimeCommonChannels     0x08002ecb   Thumb Code    22  stm32g0xx_hal_adc.o(i.LL_ADC_SetSamplingTimeCommonChannels)
    i.Menu_Loop                              0x08002ee0   Section        0  menu.o(i.Menu_Loop)
    i.NMI_Handler                            0x08002ef8   Section        0  stm32g0xx_it.o(i.NMI_Handler)
    i.OLED_Clear                             0x08002efc   Section        0  oled.o(i.OLED_Clear)
    i.OLED_ColorTurn                         0x08002f2c   Section        0  oled.o(i.OLED_ColorTurn)
    i.OLED_DisplayTurn                       0x08002f46   Section        0  oled.o(i.OLED_DisplayTurn)
    i.OLED_DrawLine                          0x08002f70   Section        0  oled.o(i.OLED_DrawLine)
    i.OLED_DrawPoint                         0x0800300c   Section        0  oled.o(i.OLED_DrawPoint)
    i.OLED_Draw_Rect                         0x0800303c   Section        0  oled.o(i.OLED_Draw_Rect)
    i.OLED_Init                              0x08003088   Section        0  oled.o(i.OLED_Init)
    i.OLED_Pow                               0x0800319c   Section        0  oled.o(i.OLED_Pow)
    i.OLED_Refresh                           0x080031b0   Section        0  oled.o(i.OLED_Refresh)
    i.OLED_ShowChar                          0x08003214   Section        0  oled.o(i.OLED_ShowChar)
    i.OLED_ShowChinese                       0x080032f8   Section        0  oled.o(i.OLED_ShowChinese)
    i.OLED_ShowFloatNum2                     0x080033b8   Section        0  oled.o(i.OLED_ShowFloatNum2)
    i.OLED_ShowFloatNum4                     0x08003444   Section        0  oled.o(i.OLED_ShowFloatNum4)
    i.OLED_ShowFloatNum5                     0x080034d8   Section        0  oled.o(i.OLED_ShowFloatNum5)
    i.OLED_ShowFloatNum_8                    0x0800356c   Section        0  oled.o(i.OLED_ShowFloatNum_8)
    i.OLED_ShowNum                           0x080035fc   Section        0  oled.o(i.OLED_ShowNum)
    i.OLED_ShowPicture                       0x08003666   Section        0  oled.o(i.OLED_ShowPicture)
    i.OLED_ShowString                        0x080036fe   Section        0  oled.o(i.OLED_ShowString)
    i.OLED_WR_Byte                           0x08003738   Section        0  oled.o(i.OLED_WR_Byte)
    i.PendSV_Handler                         0x0800376e   Section        0  stm32g0xx_it.o(i.PendSV_Handler)
    i.SD_swith_Gui_OFF                       0x08003770   Section        0  menu_gui.o(i.SD_swith_Gui_OFF)
    SD_swith_Gui_OFF                         0x08003771   Thumb Code    56  menu_gui.o(i.SD_swith_Gui_OFF)
    i.SD_swith_Gui_ON                        0x080037a8   Section        0  menu_gui.o(i.SD_swith_Gui_ON)
    SD_swith_Gui_ON                          0x080037a9   Thumb Code    54  menu_gui.o(i.SD_swith_Gui_ON)
    i.SVC_Handler                            0x080037de   Section        0  stm32g0xx_it.o(i.SVC_Handler)
    i.Send_Byte                              0x080037e0   Section        0  oled.o(i.Send_Byte)
    i.Set_Init                               0x0800382c   Section        0  key.o(i.Set_Init)
    i.Sound_ON_OFF                           0x08003858   Section        0  key.o(i.Sound_ON_OFF)
    Sound_ON_OFF                             0x08003859   Thumb Code    88  key.o(i.Sound_ON_OFF)
    i.SysTick_Handler                        0x080038b8   Section        0  stm32g0xx_it.o(i.SysTick_Handler)
    i.SystemClock_Config                     0x080038c0   Section        0  main.o(i.SystemClock_Config)
    i.SystemInit                             0x08003928   Section        0  system_stm32g0xx.o(i.SystemInit)
    i.TIM1_BRK_UP_TRG_COM_IRQHandler         0x0800392c   Section        0  timer.o(i.TIM1_BRK_UP_TRG_COM_IRQHandler)
    i.TIM_Base_SetConfig                     0x0800393c   Section        0  stm32g0xx_hal_tim.o(i.TIM_Base_SetConfig)
    i.TIM_ETR_SetConfig                      0x080039b4   Section        0  stm32g0xx_hal_tim.o(i.TIM_ETR_SetConfig)
    i.TIM_ITRx_SetConfig                     0x080039cc   Section        0  stm32g0xx_hal_tim.o(i.TIM_ITRx_SetConfig)
    TIM_ITRx_SetConfig                       0x080039cd   Thumb Code    16  stm32g0xx_hal_tim.o(i.TIM_ITRx_SetConfig)
    i.TIM_TI1_ConfigInputStage               0x080039e0   Section        0  stm32g0xx_hal_tim.o(i.TIM_TI1_ConfigInputStage)
    TIM_TI1_ConfigInputStage                 0x080039e1   Thumb Code    34  stm32g0xx_hal_tim.o(i.TIM_TI1_ConfigInputStage)
    i.TIM_TI2_ConfigInputStage               0x08003a02   Section        0  stm32g0xx_hal_tim.o(i.TIM_TI2_ConfigInputStage)
    TIM_TI2_ConfigInputStage                 0x08003a03   Thumb Code    38  stm32g0xx_hal_tim.o(i.TIM_TI2_ConfigInputStage)
    i.Timer_Init                             0x08003a28   Section        0  timer.o(i.Timer_Init)
    i.__NVIC_SetPriority                     0x08003aa4   Section        0  stm32g0xx_hal_cortex.o(i.__NVIC_SetPriority)
    __NVIC_SetPriority                       0x08003aa5   Thumb Code    60  stm32g0xx_hal_cortex.o(i.__NVIC_SetPriority)
    i.delay_us                               0x08003ae8   Section        0  delay.o(i.delay_us)
    i.main                                   0x08003b1c   Section        0  main.o(i.main)
    i.menu_SD_switch_gui                     0x08003b94   Section        0  menu_gui.o(i.menu_SD_switch_gui)
    i.menu_Set_Post_gui                      0x08003cc8   Section        0  menu_gui.o(i.menu_Set_Post_gui)
    menu_Set_Post_gui                        0x08003cc9   Thumb Code    94  menu_gui.o(i.menu_Set_Post_gui)
    i.menu_Set_Rt_gui                        0x08003d28   Section        0  menu_gui.o(i.menu_Set_Rt_gui)
    i.menu_Set_Sound_gui                     0x08003e04   Section        0  menu_gui.o(i.menu_Set_Sound_gui)
    i.menu_Set_UI_gui                        0x08003edc   Section        0  menu_gui.o(i.menu_Set_UI_gui)
    i.menu_Timer_gui                         0x08003fb4   Section        0  menu_gui.o(i.menu_Timer_gui)
    i.menu_information_gui                   0x080040ac   Section        0  menu_gui.o(i.menu_information_gui)
    i.menu_main_gui                          0x0800413c   Section        0  menu_gui.o(i.menu_main_gui)
    i.menu_part_main                         0x0800436c   Section        0  menu.o(i.menu_part_main)
    i.menu_part_son_five                     0x08004374   Section        0  menu.o(i.menu_part_son_five)
    i.menu_part_son_four                     0x0800437c   Section        0  menu.o(i.menu_part_son_four)
    i.menu_part_son_one                      0x08004384   Section        0  menu.o(i.menu_part_son_one)
    i.menu_part_son_seven                    0x0800438c   Section        0  menu.o(i.menu_part_son_seven)
    i.menu_part_son_six                      0x08004394   Section        0  menu.o(i.menu_part_son_six)
    i.menu_part_son_three                    0x0800439c   Section        0  menu.o(i.menu_part_son_three)
    i.menu_part_son_tow                      0x080043a4   Section        0  menu.o(i.menu_part_son_tow)
    i.menu_switch_gui                        0x080043ac   Section        0  menu_gui.o(i.menu_switch_gui)
    x$fpl$drleqf                             0x0800446c   Section      104  drlef.o(x$fpl$drleqf)
    x$fpl$fadd                               0x080044d4   Section      140  faddsub.o(x$fpl$fadd)
    _fadd1                                   0x080044e1   Thumb Code     0  faddsub.o(x$fpl$fadd)
    x$fpl$fmul                               0x08004560   Section      176  fmul.o(x$fpl$fmul)
    x$fpl$fsub                               0x08004610   Section      208  faddsub.o(x$fpl$fsub)
    _fsub1                                   0x0800461d   Thumb Code     0  faddsub.o(x$fpl$fsub)
    .constdata                               0x080046e0   Section       64  system_stm32g0xx.o(.constdata)
    x$fpl$usenofp                            0x080046e0   Section        0  usenofp.o(x$fpl$usenofp)
    .constdata                               0x08004720   Section     7472  oled.o(.constdata)
    .constdata                               0x08006450   Section      128  ddiv.o(.constdata)
    ddiv_reciptbl                            0x08006450   Data         128  ddiv.o(.constdata)
    .data                                    0x20000000   Section       12  stm32g0xx_hal.o(.data)
    .data                                    0x2000000c   Section        4  system_stm32g0xx.o(.data)
    .data                                    0x20000010   Section        8  adc.o(.data)
    .data                                    0x20000018   Section      352  menu_gui.o(.data)
    .data                                    0x20000178   Section       88  menu.o(.data)
    .data                                    0x200001d0   Section        5  key.o(.data)
    .data                                    0x200001d8   Section       32  timer.o(.data)
    .data                                    0x200001f8   Section        4  delay.o(.data)
    fac_us                                   0x200001f8   Data           4  delay.o(.data)
    .bss                                     0x200001fc   Section      576  oled.o(.bss)
    .bss                                     0x2000043c   Section      204  adc.o(.bss)
    .bss                                     0x20000508   Section       12  menu_gui.o(.bss)
    .bss                                     0x20000514   Section       76  timer.o(.bss)
    .bss                                     0x20000560   Section       96  libspace.o(.bss)
    HEAP                                     0x200005c0   Section      512  startup_stm32g030xx.o(HEAP)
    Heap_Mem                                 0x200005c0   Data         512  startup_stm32g030xx.o(HEAP)
    STACK                                    0x200007c0   Section     1024  startup_stm32g030xx.o(STACK)
    Stack_Mem                                0x200007c0   Data        1024  startup_stm32g030xx.o(STACK)
    __initial_sp                             0x20000bc0   Data           0  startup_stm32g030xx.o(STACK)

    Global Symbols

    Symbol Name                              Value     Ov Type        Size  Object(Section)

    BuildAttributes$$THM_ISAv3M$S$PE$A:L22$X:L11$S22$IEEE1$IW$USESV6$~STKCKD$USESV7$~SHL$OSPACE$ROPI$EBA8$UX$STANDARDLIB$REQ8$PRES8$EABIv2 0x00000000   Number         0  anon$$obj.o ABSOLUTE
    __ARM_use_no_argv                        0x00000000   Number         0  main.o ABSOLUTE
    __ARM_exceptions_init                     - Undefined Weak Reference
    __alloca_initialize                       - Undefined Weak Reference
    __arm_preinit_                            - Undefined Weak Reference
    __cpp_initialize__aeabi_                  - Undefined Weak Reference
    __cxa_finalize                            - Undefined Weak Reference
    __rt_locale                               - Undefined Weak Reference
    __sigvec_lookup                           - Undefined Weak Reference
    _atexit_init                              - Undefined Weak Reference
    _call_atexit_fns                          - Undefined Weak Reference
    _clock_init                               - Undefined Weak Reference
    _fp_trap_init                             - Undefined Weak Reference
    _fp_trap_shutdown                         - Undefined Weak Reference
    _get_lc_collate                           - Undefined Weak Reference
    _get_lc_ctype                             - Undefined Weak Reference
    _get_lc_monetary                          - Undefined Weak Reference
    _get_lc_numeric                           - Undefined Weak Reference
    _get_lc_time                              - Undefined Weak Reference
    _getenv_init                              - Undefined Weak Reference
    _handle_redirection                       - Undefined Weak Reference
    _init_alloc                               - Undefined Weak Reference
    _init_user_alloc                          - Undefined Weak Reference
    _initio                                   - Undefined Weak Reference
    _rand_init                                - Undefined Weak Reference
    _signal_finish                            - Undefined Weak Reference
    _signal_init                              - Undefined Weak Reference
    _terminate_alloc                          - Undefined Weak Reference
    _terminate_user_alloc                     - Undefined Weak Reference
    _terminateio                              - Undefined Weak Reference
    __Vectors_Size                           0x000000c0   Number         0  startup_stm32g030xx.o ABSOLUTE
    __Vectors                                0x08000000   Data           4  startup_stm32g030xx.o(RESET)
    __Vectors_End                            0x080000c0   Data           0  startup_stm32g030xx.o(RESET)
    __main                                   0x080000c1   Thumb Code     8  __main.o(!!!main)
    __scatterload                            0x080000c9   Thumb Code     0  __scatter.o(!!!scatter)
    __scatterload_rt2                        0x080000c9   Thumb Code    52  __scatter.o(!!!scatter)
    __scatterload_rt2_thumb_only             0x080000c9   Thumb Code     0  __scatter.o(!!!scatter)
    __scatterload_null                       0x080000d9   Thumb Code     0  __scatter.o(!!!scatter)
    __scatterload_zeroinit                   0x08000105   Thumb Code    28  __scatter_zi.o(!!handler_zi)
    __rt_lib_init                            0x08000121   Thumb Code     0  libinit.o(.ARM.Collect$$libinit$$00000000)
    __rt_lib_init_alloca_1                   0x08000123   Thumb Code     0  libinit2.o(.ARM.Collect$$libinit$$0000002E)
    __rt_lib_init_argv_1                     0x08000123   Thumb Code     0  libinit2.o(.ARM.Collect$$libinit$$0000002C)
    __rt_lib_init_atexit_1                   0x08000123   Thumb Code     0  libinit2.o(.ARM.Collect$$libinit$$0000001B)
    __rt_lib_init_clock_1                    0x08000123   Thumb Code     0  libinit2.o(.ARM.Collect$$libinit$$00000021)
    __rt_lib_init_cpp_1                      0x08000123   Thumb Code     0  libinit2.o(.ARM.Collect$$libinit$$00000032)
    __rt_lib_init_exceptions_1               0x08000123   Thumb Code     0  libinit2.o(.ARM.Collect$$libinit$$00000030)
    __rt_lib_init_fp_1                       0x08000123   Thumb Code     0  libinit2.o(.ARM.Collect$$libinit$$00000002)
    __rt_lib_init_fp_trap_1                  0x08000123   Thumb Code     0  libinit2.o(.ARM.Collect$$libinit$$0000001F)
    __rt_lib_init_getenv_1                   0x08000123   Thumb Code     0  libinit2.o(.ARM.Collect$$libinit$$00000023)
    __rt_lib_init_heap_1                     0x08000123   Thumb Code     0  libinit2.o(.ARM.Collect$$libinit$$0000000A)
    __rt_lib_init_lc_collate_1               0x08000123   Thumb Code     0  libinit2.o(.ARM.Collect$$libinit$$00000011)
    __rt_lib_init_lc_ctype_1                 0x08000123   Thumb Code     0  libinit2.o(.ARM.Collect$$libinit$$00000013)
    __rt_lib_init_lc_monetary_1              0x08000123   Thumb Code     0  libinit2.o(.ARM.Collect$$libinit$$00000015)
    __rt_lib_init_lc_numeric_1               0x08000123   Thumb Code     0  libinit2.o(.ARM.Collect$$libinit$$00000017)
    __rt_lib_init_lc_time_1                  0x08000123   Thumb Code     0  libinit2.o(.ARM.Collect$$libinit$$00000019)
    __rt_lib_init_preinit_1                  0x08000123   Thumb Code     0  libinit2.o(.ARM.Collect$$libinit$$00000004)
    __rt_lib_init_rand_1                     0x08000123   Thumb Code     0  libinit2.o(.ARM.Collect$$libinit$$0000000E)
    __rt_lib_init_return                     0x08000123   Thumb Code     0  libinit2.o(.ARM.Collect$$libinit$$00000033)
    __rt_lib_init_signal_1                   0x08000123   Thumb Code     0  libinit2.o(.ARM.Collect$$libinit$$0000001D)
    __rt_lib_init_stdio_1                    0x08000123   Thumb Code     0  libinit2.o(.ARM.Collect$$libinit$$00000025)
    __rt_lib_init_user_alloc_1               0x08000123   Thumb Code     0  libinit2.o(.ARM.Collect$$libinit$$0000000C)
    __rt_lib_shutdown                        0x08000125   Thumb Code     0  libshutdown.o(.ARM.Collect$$libshutdown$$00000000)
    __rt_lib_shutdown_cpp_1                  0x08000127   Thumb Code     0  libshutdown2.o(.ARM.Collect$$libshutdown$$00000002)
    __rt_lib_shutdown_fp_trap_1              0x08000127   Thumb Code     0  libshutdown2.o(.ARM.Collect$$libshutdown$$00000007)
    __rt_lib_shutdown_heap_1                 0x08000127   Thumb Code     0  libshutdown2.o(.ARM.Collect$$libshutdown$$0000000F)
    __rt_lib_shutdown_return                 0x08000127   Thumb Code     0  libshutdown2.o(.ARM.Collect$$libshutdown$$00000010)
    __rt_lib_shutdown_signal_1               0x08000127   Thumb Code     0  libshutdown2.o(.ARM.Collect$$libshutdown$$0000000A)
    __rt_lib_shutdown_stdio_1                0x08000127   Thumb Code     0  libshutdown2.o(.ARM.Collect$$libshutdown$$00000004)
    __rt_lib_shutdown_user_alloc_1           0x08000127   Thumb Code     0  libshutdown2.o(.ARM.Collect$$libshutdown$$0000000C)
    __rt_entry                               0x08000129   Thumb Code     0  __rtentry.o(.ARM.Collect$$rtentry$$00000000)
    __rt_entry_presh_1                       0x08000129   Thumb Code     0  __rtentry2.o(.ARM.Collect$$rtentry$$00000002)
    __rt_entry_sh                            0x08000129   Thumb Code     0  __rtentry4.o(.ARM.Collect$$rtentry$$00000004)
    __rt_entry_li                            0x0800012f   Thumb Code     0  __rtentry2.o(.ARM.Collect$$rtentry$$0000000A)
    __rt_entry_postsh_1                      0x0800012f   Thumb Code     0  __rtentry2.o(.ARM.Collect$$rtentry$$00000009)
    __rt_entry_main                          0x08000133   Thumb Code     0  __rtentry2.o(.ARM.Collect$$rtentry$$0000000D)
    __rt_entry_postli_1                      0x08000133   Thumb Code     0  __rtentry2.o(.ARM.Collect$$rtentry$$0000000C)
    __rt_exit                                0x0800013b   Thumb Code     0  rtexit.o(.ARM.Collect$$rtexit$$00000000)
    __rt_exit_ls                             0x0800013d   Thumb Code     0  rtexit2.o(.ARM.Collect$$rtexit$$00000003)
    __rt_exit_prels_1                        0x0800013d   Thumb Code     0  rtexit2.o(.ARM.Collect$$rtexit$$00000002)
    __rt_exit_exit                           0x08000141   Thumb Code     0  rtexit2.o(.ARM.Collect$$rtexit$$00000004)
    Reset_Handler                            0x08000149   Thumb Code     8  startup_stm32g030xx.o(.text)
    ADC1_IRQHandler                          0x0800015b   Thumb Code     0  startup_stm32g030xx.o(.text)
    DMA1_Ch4_5_DMAMUX1_OVR_IRQHandler        0x0800015b   Thumb Code     0  startup_stm32g030xx.o(.text)
    DMA1_Channel1_IRQHandler                 0x0800015b   Thumb Code     0  startup_stm32g030xx.o(.text)
    DMA1_Channel2_3_IRQHandler               0x0800015b   Thumb Code     0  startup_stm32g030xx.o(.text)
    EXTI0_1_IRQHandler                       0x0800015b   Thumb Code     0  startup_stm32g030xx.o(.text)
    EXTI2_3_IRQHandler                       0x0800015b   Thumb Code     0  startup_stm32g030xx.o(.text)
    EXTI4_15_IRQHandler                      0x0800015b   Thumb Code     0  startup_stm32g030xx.o(.text)
    FLASH_IRQHandler                         0x0800015b   Thumb Code     0  startup_stm32g030xx.o(.text)
    I2C1_IRQHandler                          0x0800015b   Thumb Code     0  startup_stm32g030xx.o(.text)
    I2C2_IRQHandler                          0x0800015b   Thumb Code     0  startup_stm32g030xx.o(.text)
    RCC_IRQHandler                           0x0800015b   Thumb Code     0  startup_stm32g030xx.o(.text)
    RTC_TAMP_IRQHandler                      0x0800015b   Thumb Code     0  startup_stm32g030xx.o(.text)
    SPI1_IRQHandler                          0x0800015b   Thumb Code     0  startup_stm32g030xx.o(.text)
    SPI2_IRQHandler                          0x0800015b   Thumb Code     0  startup_stm32g030xx.o(.text)
    TIM14_IRQHandler                         0x0800015b   Thumb Code     0  startup_stm32g030xx.o(.text)
    TIM16_IRQHandler                         0x0800015b   Thumb Code     0  startup_stm32g030xx.o(.text)
    TIM17_IRQHandler                         0x0800015b   Thumb Code     0  startup_stm32g030xx.o(.text)
    TIM1_CC_IRQHandler                       0x0800015b   Thumb Code     0  startup_stm32g030xx.o(.text)
    TIM3_IRQHandler                          0x0800015b   Thumb Code     0  startup_stm32g030xx.o(.text)
    USART1_IRQHandler                        0x0800015b   Thumb Code     0  startup_stm32g030xx.o(.text)
    USART2_IRQHandler                        0x0800015b   Thumb Code     0  startup_stm32g030xx.o(.text)
    WWDG_IRQHandler                          0x0800015b   Thumb Code     0  startup_stm32g030xx.o(.text)
    __user_initial_stackheap                 0x0800015d   Thumb Code     0  startup_stm32g030xx.o(.text)
    _memset_w                                0x08000181   Thumb Code    26  rt_memclr.o(.text)
    _memset                                  0x0800019b   Thumb Code    30  rt_memclr.o(.text)
    __aeabi_memclr                           0x080001b9   Thumb Code     4  rt_memclr.o(.text)
    __rt_memclr                              0x080001b9   Thumb Code     0  rt_memclr.o(.text)
    __aeabi_memclr4                          0x080001bd   Thumb Code     0  rt_memclr.o(.text)
    __aeabi_memclr8                          0x080001bd   Thumb Code     0  rt_memclr.o(.text)
    __rt_memclr_w                            0x080001bd   Thumb Code     4  rt_memclr.o(.text)
    __aeabi_uidiv                            0x080001c1   Thumb Code     0  aeabi_sdiv.o(.text)
    __aeabi_uidivmod                         0x080001c1   Thumb Code    20  aeabi_sdiv.o(.text)
    __aeabi_idiv                             0x080001d5   Thumb Code     0  aeabi_sdiv.o(.text)
    __aeabi_idivmod                          0x080001d5   Thumb Code   326  aeabi_sdiv.o(.text)
    __use_two_region_memory                  0x0800031b   Thumb Code     2  heapauxi.o(.text)
    __rt_heap_escrow$2region                 0x0800031d   Thumb Code     2  heapauxi.o(.text)
    __rt_heap_expand$2region                 0x0800031f   Thumb Code     2  heapauxi.o(.text)
    __aeabi_d2f                              0x08000321   Thumb Code     0  d2f.o(.text)
    _d2f                                     0x08000321   Thumb Code   120  d2f.o(.text)
    __aeabi_dadd                             0x08000695   Thumb Code     0  daddsub.o(.text)
    _dadd                                    0x08000695   Thumb Code    26  daddsub.o(.text)
    __aeabi_dsub                             0x080006af   Thumb Code     0  daddsub.o(.text)
    _dsub                                    0x080006af   Thumb Code    22  daddsub.o(.text)
    __aeabi_drsub                            0x080006c5   Thumb Code     0  daddsub.o(.text)
    _drsb                                    0x080006c5   Thumb Code    28  daddsub.o(.text)
    __aeabi_ddiv                             0x080006f5   Thumb Code     0  ddiv.o(.text)
    _ddiv                                    0x080006f5   Thumb Code  1072  ddiv.o(.text)
    _drdiv                                   0x08000b25   Thumb Code    20  ddiv.o(.text)
    __aeabi_d2uiz                            0x08000b3d   Thumb Code     0  dfixui.o(.text)
    _dfixu                                   0x08000b3d   Thumb Code    68  dfixui.o(.text)
    __aeabi_i2d_normalise                    0x08000b85   Thumb Code    66  dflti.o(.text)
    __aeabi_i2d                              0x08000bc7   Thumb Code    16  dflti.o(.text)
    _dflt                                    0x08000bc7   Thumb Code     0  dflti.o(.text)
    __aeabi_ui2d                             0x08000bd7   Thumb Code     6  dflti.o(.text)
    _dfltu                                   0x08000bd7   Thumb Code     0  dflti.o(.text)
    __aeabi_dmul                             0x08000bdd   Thumb Code     0  dmul.o(.text)
    _dmul                                    0x08000bdd   Thumb Code   558  dmul.o(.text)
    __aeabi_f2d                              0x08000e25   Thumb Code     0  f2d.o(.text)
    _f2d                                     0x08000e25   Thumb Code    80  f2d.o(.text)
    __aeabi_f2uiz                            0x08000e79   Thumb Code     0  ffixui.o(.text)
    _ffixu                                   0x08000e79   Thumb Code    48  ffixui.o(.text)
    __fpl_dcmp_InfNaN                        0x08000ea9   Thumb Code   140  dcmpin.o(.text)
    __fpl_cmpreturn                          0x08000f39   Thumb Code    46  cmpret.o(.text)
    __fpl_dcheck_NaN2                        0x08000f69   Thumb Code    14  dnan2.o(.text)
    __user_setup_stackheap                   0x08000f7d   Thumb Code    62  sys_stackheap_outer.o(.text)
    exit                                     0x08000fbb   Thumb Code    16  exit.o(.text)
    __fpl_return_NaN                         0x08000fcb   Thumb Code    94  retnan.o(.text)
    __user_libspace                          0x08001029   Thumb Code     8  libspace.o(.text)
    __user_perproc_libspace                  0x08001029   Thumb Code     0  libspace.o(.text)
    __user_perthread_libspace                0x08001029   Thumb Code     0  libspace.o(.text)
    _sys_exit                                0x08001031   Thumb Code     8  sys_exit.o(.text)
    __I$use$semihosting                      0x0800103d   Thumb Code     0  use_no_semi.o(.text)
    __use_no_semihosting_swi                 0x0800103d   Thumb Code     2  use_no_semi.o(.text)
    __decompress                             0x0800103f   Thumb Code     0  __dczerorl2.o(.text)
    __decompress1                            0x0800103f   Thumb Code    86  __dczerorl2.o(.text)
    __semihosting_library_function           0x0800103f   Thumb Code     0  indicate_semi.o(.text)
    ADC_Disable                              0x08001139   Thumb Code   110  stm32g0xx_hal_adc.o(i.ADC_Disable)
    ADC_Dma_Init                             0x080011ad   Thumb Code    68  adc.o(i.ADC_Dma_Init)
    ADC_Enable                               0x080011fd   Thumb Code   162  stm32g0xx_hal_adc.o(i.ADC_Enable)
    ADC_Init                                 0x080012b1   Thumb Code   196  adc.o(i.ADC_Init)
    AT24C32_Begin                            0x08001391   Thumb Code    22  at24c32.o(i.AT24C32_Begin)
    AT24C32_Read_OneByte                     0x080013a7   Thumb Code    60  at24c32.o(i.AT24C32_Read_OneByte)
    AT24C32_Write_OneByte                    0x080013e3   Thumb Code    52  at24c32.o(i.AT24C32_Write_OneByte)
    Delay_init                               0x080014b9   Thumb Code    16  delay.o(i.Delay_init)
    GPIO_Begin                               0x080014cd   Thumb Code    44  key.o(i.GPIO_Begin)
    GPIO_NMos_Init                           0x080014fd   Thumb Code   108  menu.o(i.GPIO_NMos_Init)
    GPIO_OUT_IN                              0x08001571   Thumb Code    90  wire.o(i.GPIO_OUT_IN)
    GPIO_inits                               0x080015d1   Thumb Code    70  wire.o(i.GPIO_inits)
    HAL_ADCEx_Calibration_Start              0x0800161d   Thumb Code   282  stm32g0xx_hal_adc_ex.o(i.HAL_ADCEx_Calibration_Start)
    HAL_ADC_ConfigChannel                    0x08001745   Thumb Code   522  stm32g0xx_hal_adc.o(i.HAL_ADC_ConfigChannel)
    HAL_ADC_ConvCpltCallback                 0x08001969   Thumb Code     2  stm32g0xx_hal_adc.o(i.HAL_ADC_ConvCpltCallback)
    HAL_ADC_ConvHalfCpltCallback             0x0800196b   Thumb Code     2  stm32g0xx_hal_adc.o(i.HAL_ADC_ConvHalfCpltCallback)
    HAL_ADC_ErrorCallback                    0x0800196d   Thumb Code     2  stm32g0xx_hal_adc.o(i.HAL_ADC_ErrorCallback)
    HAL_ADC_Init                             0x08001971   Thumb Code   514  stm32g0xx_hal_adc.o(i.HAL_ADC_Init)
    HAL_ADC_MspInit                          0x08001b91   Thumb Code     2  stm32g0xx_hal_adc.o(i.HAL_ADC_MspInit)
    HAL_ADC_Start_DMA                        0x08001b95   Thumb Code   158  stm32g0xx_hal_adc.o(i.HAL_ADC_Start_DMA)
    HAL_DMA_Init                             0x08001c49   Thumb Code   156  stm32g0xx_hal_dma.o(i.HAL_DMA_Init)
    HAL_DMA_Start_IT                         0x08001ced   Thumb Code   136  stm32g0xx_hal_dma.o(i.HAL_DMA_Start_IT)
    HAL_Delay                                0x08001d79   Thumb Code    32  stm32g0xx_hal.o(i.HAL_Delay)
    HAL_GPIO_Init                            0x08001d9d   Thumb Code   330  stm32g0xx_hal_gpio.o(i.HAL_GPIO_Init)
    HAL_GPIO_ReadPin                         0x08001ef9   Thumb Code    10  stm32g0xx_hal_gpio.o(i.HAL_GPIO_ReadPin)
    HAL_GPIO_WritePin                        0x08001f03   Thumb Code    12  stm32g0xx_hal_gpio.o(i.HAL_GPIO_WritePin)
    HAL_GetTick                              0x08001f11   Thumb Code     6  stm32g0xx_hal.o(i.HAL_GetTick)
    HAL_IncTick                              0x08001f1d   Thumb Code    12  stm32g0xx_hal.o(i.HAL_IncTick)
    HAL_Init                                 0x08001f2d   Thumb Code    36  stm32g0xx_hal.o(i.HAL_Init)
    HAL_InitTick                             0x08001f55   Thumb Code    64  stm32g0xx_hal.o(i.HAL_InitTick)
    HAL_MspInit                              0x08001f9d   Thumb Code    38  stm32g0xx_hal_msp.o(i.HAL_MspInit)
    HAL_NVIC_EnableIRQ                       0x08001fc9   Thumb Code    18  stm32g0xx_hal_cortex.o(i.HAL_NVIC_EnableIRQ)
    HAL_NVIC_SetPriority                     0x08001fe1   Thumb Code     8  stm32g0xx_hal_cortex.o(i.HAL_NVIC_SetPriority)
    HAL_PWREx_ControlVoltageScaling          0x08001fe9   Thumb Code    62  stm32g0xx_hal_pwr_ex.o(i.HAL_PWREx_ControlVoltageScaling)
    HAL_RCC_ClockConfig                      0x08002035   Thumb Code   318  stm32g0xx_hal_rcc.o(i.HAL_RCC_ClockConfig)
    HAL_RCC_GetSysClockFreq                  0x0800218d   Thumb Code   130  stm32g0xx_hal_rcc.o(i.HAL_RCC_GetSysClockFreq)
    HAL_RCC_OscConfig                        0x08002219   Thumb Code   946  stm32g0xx_hal_rcc.o(i.HAL_RCC_OscConfig)
    HAL_SYSTICK_CLKSourceConfig              0x080025f1   Thumb Code    20  stm32g0xx_hal_cortex.o(i.HAL_SYSTICK_CLKSourceConfig)
    HAL_SYSTICK_Config                       0x08002609   Thumb Code    38  stm32g0xx_hal_cortex.o(i.HAL_SYSTICK_Config)
    HAL_TIMEx_Break2Callback                 0x08002639   Thumb Code     2  stm32g0xx_hal_tim_ex.o(i.HAL_TIMEx_Break2Callback)
    HAL_TIMEx_BreakCallback                  0x0800263b   Thumb Code     2  stm32g0xx_hal_tim_ex.o(i.HAL_TIMEx_BreakCallback)
    HAL_TIMEx_CommutCallback                 0x0800263d   Thumb Code     2  stm32g0xx_hal_tim_ex.o(i.HAL_TIMEx_CommutCallback)
    HAL_TIMEx_MasterConfigSynchronization    0x08002641   Thumb Code    90  stm32g0xx_hal_tim_ex.o(i.HAL_TIMEx_MasterConfigSynchronization)
    HAL_TIM_Base_Init                        0x080026a5   Thumb Code    76  stm32g0xx_hal_tim.o(i.HAL_TIM_Base_Init)
    HAL_TIM_Base_MspInit                     0x080026f1   Thumb Code     2  stm32g0xx_hal_tim.o(i.HAL_TIM_Base_MspInit)
    HAL_TIM_Base_Start_IT                    0x080026f5   Thumb Code    68  stm32g0xx_hal_tim.o(i.HAL_TIM_Base_Start_IT)
    HAL_TIM_ConfigClockSource                0x08002745   Thumb Code   220  stm32g0xx_hal_tim.o(i.HAL_TIM_ConfigClockSource)
    HAL_TIM_IC_CaptureCallback               0x08002825   Thumb Code     2  stm32g0xx_hal_tim.o(i.HAL_TIM_IC_CaptureCallback)
    HAL_TIM_IRQHandler                       0x08002829   Thumb Code   382  stm32g0xx_hal_tim.o(i.HAL_TIM_IRQHandler)
    HAL_TIM_OC_DelayElapsedCallback          0x080029ad   Thumb Code     2  stm32g0xx_hal_tim.o(i.HAL_TIM_OC_DelayElapsedCallback)
    HAL_TIM_PWM_PulseFinishedCallback        0x080029af   Thumb Code     2  stm32g0xx_hal_tim.o(i.HAL_TIM_PWM_PulseFinishedCallback)
    HAL_TIM_PeriodElapsedCallback            0x080029b1   Thumb Code   228  timer.o(i.HAL_TIM_PeriodElapsedCallback)
    HAL_TIM_TriggerCallback                  0x08002ac5   Thumb Code     2  stm32g0xx_hal_tim.o(i.HAL_TIM_TriggerCallback)
    HardFault_Handler                        0x08002ac7   Thumb Code     2  stm32g0xx_it.o(i.HardFault_Handler)
    I2C_ACK_Wait                             0x08002ac9   Thumb Code    80  wire.o(i.I2C_ACK_Wait)
    I2C_NACK                                 0x08002b19   Thumb Code    70  wire.o(i.I2C_NACK)
    I2C_Read_Byte                            0x08002b5f   Thumb Code    82  wire.o(i.I2C_Read_Byte)
    I2C_Send_Byte                            0x08002bb1   Thumb Code   100  wire.o(i.I2C_Send_Byte)
    I2C_Start                                0x08002c15   Thumb Code    60  oled.o(i.I2C_Start)
    I2C_Stop                                 0x08002c55   Thumb Code    44  oled.o(i.I2C_Stop)
    I2C_Stopping                             0x08002c85   Thumb Code    62  wire.o(i.I2C_Stopping)
    I2C_Strat                                0x08002cc3   Thumb Code    68  wire.o(i.I2C_Strat)
    I2C_WaitAck                              0x08002d09   Thumb Code    48  oled.o(i.I2C_WaitAck)
    IIC_delay                                0x08002d3d   Thumb Code    14  oled.o(i.IIC_delay)
    Key_Loop                                 0x08002d4d   Thumb Code   314  key.o(i.Key_Loop)
    Menu_Loop                                0x08002ee1   Thumb Code    18  menu.o(i.Menu_Loop)
    NMI_Handler                              0x08002ef9   Thumb Code     2  stm32g0xx_it.o(i.NMI_Handler)
    OLED_Clear                               0x08002efd   Thumb Code    44  oled.o(i.OLED_Clear)
    OLED_ColorTurn                           0x08002f2d   Thumb Code    26  oled.o(i.OLED_ColorTurn)
    OLED_DisplayTurn                         0x08002f47   Thumb Code    42  oled.o(i.OLED_DisplayTurn)
    OLED_DrawLine                            0x08002f71   Thumb Code   156  oled.o(i.OLED_DrawLine)
    OLED_DrawPoint                           0x0800300d   Thumb Code    42  oled.o(i.OLED_DrawPoint)
    OLED_Draw_Rect                           0x0800303d   Thumb Code    74  oled.o(i.OLED_Draw_Rect)
    OLED_Init                                0x08003089   Thumb Code   266  oled.o(i.OLED_Init)
    OLED_Pow                                 0x0800319d   Thumb Code    20  oled.o(i.OLED_Pow)
    OLED_Refresh                             0x080031b1   Thumb Code    96  oled.o(i.OLED_Refresh)
    OLED_ShowChar                            0x08003215   Thumb Code   210  oled.o(i.OLED_ShowChar)
    OLED_ShowChinese                         0x080032f9   Thumb Code   184  oled.o(i.OLED_ShowChinese)
    OLED_ShowFloatNum2                       0x080033b9   Thumb Code   136  oled.o(i.OLED_ShowFloatNum2)
    OLED_ShowFloatNum4                       0x08003445   Thumb Code   142  oled.o(i.OLED_ShowFloatNum4)
    OLED_ShowFloatNum5                       0x080034d9   Thumb Code   142  oled.o(i.OLED_ShowFloatNum5)
    OLED_ShowFloatNum_8                      0x0800356d   Thumb Code   138  oled.o(i.OLED_ShowFloatNum_8)
    OLED_ShowNum                             0x080035fd   Thumb Code   106  oled.o(i.OLED_ShowNum)
    OLED_ShowPicture                         0x08003667   Thumb Code   152  oled.o(i.OLED_ShowPicture)
    OLED_ShowString                          0x080036ff   Thumb Code    58  oled.o(i.OLED_ShowString)
    OLED_WR_Byte                             0x08003739   Thumb Code    54  oled.o(i.OLED_WR_Byte)
    PendSV_Handler                           0x0800376f   Thumb Code     2  stm32g0xx_it.o(i.PendSV_Handler)
    SVC_Handler                              0x080037df   Thumb Code     2  stm32g0xx_it.o(i.SVC_Handler)
    Send_Byte                                0x080037e1   Thumb Code    72  oled.o(i.Send_Byte)
    Set_Init                                 0x0800382d   Thumb Code    38  key.o(i.Set_Init)
    SysTick_Handler                          0x080038b9   Thumb Code     8  stm32g0xx_it.o(i.SysTick_Handler)
    SystemClock_Config                       0x080038c1   Thumb Code   104  main.o(i.SystemClock_Config)
    SystemInit                               0x08003929   Thumb Code     2  system_stm32g0xx.o(i.SystemInit)
    TIM1_BRK_UP_TRG_COM_IRQHandler           0x0800392d   Thumb Code    10  timer.o(i.TIM1_BRK_UP_TRG_COM_IRQHandler)
    TIM_Base_SetConfig                       0x0800393d   Thumb Code   100  stm32g0xx_hal_tim.o(i.TIM_Base_SetConfig)
    TIM_ETR_SetConfig                        0x080039b5   Thumb Code    22  stm32g0xx_hal_tim.o(i.TIM_ETR_SetConfig)
    Timer_Init                               0x08003a29   Thumb Code   102  timer.o(i.Timer_Init)
    delay_us                                 0x08003ae9   Thumb Code    44  delay.o(i.delay_us)
    main                                     0x08003b1d   Thumb Code   100  main.o(i.main)
    menu_SD_switch_gui                       0x08003b95   Thumb Code   262  menu_gui.o(i.menu_SD_switch_gui)
    menu_Set_Rt_gui                          0x08003d29   Thumb Code   196  menu_gui.o(i.menu_Set_Rt_gui)
    menu_Set_Sound_gui                       0x08003e05   Thumb Code   196  menu_gui.o(i.menu_Set_Sound_gui)
    menu_Set_UI_gui                          0x08003edd   Thumb Code   196  menu_gui.o(i.menu_Set_UI_gui)
    menu_Timer_gui                           0x08003fb5   Thumb Code   214  menu_gui.o(i.menu_Timer_gui)
    menu_information_gui                     0x080040ad   Thumb Code    62  menu_gui.o(i.menu_information_gui)
    menu_main_gui                            0x0800413d   Thumb Code   496  menu_gui.o(i.menu_main_gui)
    menu_part_main                           0x0800436d   Thumb Code     8  menu.o(i.menu_part_main)
    menu_part_son_five                       0x08004375   Thumb Code     8  menu.o(i.menu_part_son_five)
    menu_part_son_four                       0x0800437d   Thumb Code     8  menu.o(i.menu_part_son_four)
    menu_part_son_one                        0x08004385   Thumb Code     8  menu.o(i.menu_part_son_one)
    menu_part_son_seven                      0x0800438d   Thumb Code     8  menu.o(i.menu_part_son_seven)
    menu_part_son_six                        0x08004395   Thumb Code     8  menu.o(i.menu_part_son_six)
    menu_part_son_three                      0x0800439d   Thumb Code     8  menu.o(i.menu_part_son_three)
    menu_part_son_tow                        0x080043a5   Thumb Code     8  menu.o(i.menu_part_son_tow)
    menu_switch_gui                          0x080043ad   Thumb Code   184  menu_gui.o(i.menu_switch_gui)
    __aeabi_cdrcmple                         0x0800446d   Thumb Code     0  drlef.o(x$fpl$drleqf)
    _drcmple                                 0x0800446d   Thumb Code   100  drlef.o(x$fpl$drleqf)
    __aeabi_fadd                             0x080044d5   Thumb Code     0  faddsub.o(x$fpl$fadd)
    _fadd                                    0x080044d5   Thumb Code   134  faddsub.o(x$fpl$fadd)
    __aeabi_fmul                             0x08004561   Thumb Code     0  fmul.o(x$fpl$fmul)
    _fmul                                    0x08004561   Thumb Code   172  fmul.o(x$fpl$fmul)
    __aeabi_fsub                             0x08004611   Thumb Code     0  faddsub.o(x$fpl$fsub)
    _fsub                                    0x08004611   Thumb Code   204  faddsub.o(x$fpl$fsub)
    AHBPrescTable                            0x080046e0   Data          64  system_stm32g0xx.o(.constdata)
    __I$use$fp                               0x080046e0   Number         0  usenofp.o(x$fpl$usenofp)
    asc2_0806                                0x08004720   Data         552  oled.o(.constdata)
    asc2_1206                                0x08004948   Data        1140  oled.o(.constdata)
    asc2_1608                                0x08004dbc   Data        1520  oled.o(.constdata)
    asc2_2412                                0x080053ac   Data        3420  oled.o(.constdata)
    Hzk1                                     0x08006108   Data         128  oled.o(.constdata)
    Hzk2                                     0x08006188   Data          72  oled.o(.constdata)
    Hzk3                                     0x080061d0   Data         128  oled.o(.constdata)
    Hzk4                                     0x08006250   Data         512  oled.o(.constdata)
    Region$$Table$$Base                      0x080064d0   Number         0  anon$$obj.o(Region$$Table)
    Region$$Table$$Limit                     0x080064f0   Number         0  anon$$obj.o(Region$$Table)
    uwTickFreq                               0x20000000   Data           1  stm32g0xx_hal.o(.data)
    uwTickPrio                               0x20000004   Data           4  stm32g0xx_hal.o(.data)
    uwTick                                   0x20000008   Data           4  stm32g0xx_hal.o(.data)
    SystemCoreClock                          0x2000000c   Data           4  system_stm32g0xx.o(.data)
    ADC_ALL_BUFF                             0x20000010   Data           8  adc.o(.data)
    BMP1                                     0x20000018   Data           8  menu_gui.o(.data)
    BMP2                                     0x20000020   Data          80  menu_gui.o(.data)
    BMP3                                     0x20000070   Data          72  menu_gui.o(.data)
    Sound_ON                                 0x200000b8   Data          32  menu_gui.o(.data)
    Sound_OFF                                0x200000d8   Data          32  menu_gui.o(.data)
    Dat_Bmp                                  0x200000f8   Data         128  menu_gui.o(.data)
    index_cp                                 0x20000178   Data           1  menu.o(.data)
    current_operation_func                   0x2000017c   Data           4  menu.o(.data)
    M_G                                      0x20000180   Data          80  menu.o(.data)
    switch_Flag                              0x200001d0   Data           1  key.o(.data)
    SD_switch_Flag                           0x200001d1   Data           1  key.o(.data)
    Sound_switch_Flag                        0x200001d2   Data           1  key.o(.data)
    UI_switch_Flag                           0x200001d3   Data           1  key.o(.data)
    Rt_switch_Flag                           0x200001d4   Data           1  key.o(.data)
    time_nember                              0x200001d8   Data           2  timer.o(.data)
    umA_Num                                  0x200001dc   Data           4  timer.o(.data)
    umA_Num_Sum                              0x200001e0   Data           4  timer.o(.data)
    uW_Num                                   0x200001e4   Data           4  timer.o(.data)
    uW_Num_Sum                               0x200001e8   Data           4  timer.o(.data)
    H                                        0x200001ec   Data           4  timer.o(.data)
    M                                        0x200001f0   Data           4  timer.o(.data)
    S                                        0x200001f4   Data           4  timer.o(.data)
    OLED_GRAM                                0x200001fc   Data         576  oled.o(.bss)
    sConfig                                  0x2000043c   Data          12  adc.o(.bss)
    hadc1                                    0x20000448   Data         100  adc.o(.bss)
    hdma1                                    0x200004ac   Data          92  adc.o(.bss)
    ADC_OUT                                  0x20000508   Data          12  menu_gui.o(.bss)
    htim10                                   0x20000514   Data          76  timer.o(.bss)
    __libspace_start                         0x20000560   Data          96  libspace.o(.bss)
    __temporary_stack_top$libspace           0x200005c0   Data           0  libspace.o(.bss)



==============================================================================

Memory Map of the image

  Image Entry point : 0x080000c1

  Load Region LR_IROM1 (Base: 0x08000000, Size: 0x000066ec, Max: 0x00008000, ABSOLUTE, COMPRESSED[0x000065dc])

    Execution Region ER_IROM1 (Exec base: 0x08000000, Load base: 0x08000000, Size: 0x000064f0, Max: 0x00008000, ABSOLUTE)

    Exec Addr    Load Addr    Size         Type   Attr      Idx    E Section Name        Object

    0x08000000   0x08000000   0x000000c0   Data   RO         2737    RESET               startup_stm32g030xx.o
    0x080000c0   0x080000c0   0x00000008   Code   RO         3406  * !!!main             c_p.l(__main.o)
    0x080000c8   0x080000c8   0x0000003c   Code   RO         3613    !!!scatter          c_p.l(__scatter.o)
    0x08000104   0x08000104   0x0000001c   Code   RO         3615    !!handler_zi        c_p.l(__scatter_zi.o)
    0x08000120   0x08000120   0x00000002   Code   RO         3478    .ARM.Collect$$libinit$$00000000  c_p.l(libinit.o)
    0x08000122   0x08000122   0x00000000   Code   RO         3494    .ARM.Collect$$libinit$$00000002  c_p.l(libinit2.o)
    0x08000122   0x08000122   0x00000000   Code   RO         3496    .ARM.Collect$$libinit$$00000004  c_p.l(libinit2.o)
    0x08000122   0x08000122   0x00000000   Code   RO         3499    .ARM.Collect$$libinit$$0000000A  c_p.l(libinit2.o)
    0x08000122   0x08000122   0x00000000   Code   RO         3501    .ARM.Collect$$libinit$$0000000C  c_p.l(libinit2.o)
    0x08000122   0x08000122   0x00000000   Code   RO         3503    .ARM.Collect$$libinit$$0000000E  c_p.l(libinit2.o)
    0x08000122   0x08000122   0x00000000   Code   RO         3506    .ARM.Collect$$libinit$$00000011  c_p.l(libinit2.o)
    0x08000122   0x08000122   0x00000000   Code   RO         3508    .ARM.Collect$$libinit$$00000013  c_p.l(libinit2.o)
    0x08000122   0x08000122   0x00000000   Code   RO         3510    .ARM.Collect$$libinit$$00000015  c_p.l(libinit2.o)
    0x08000122   0x08000122   0x00000000   Code   RO         3512    .ARM.Collect$$libinit$$00000017  c_p.l(libinit2.o)
    0x08000122   0x08000122   0x00000000   Code   RO         3514    .ARM.Collect$$libinit$$00000019  c_p.l(libinit2.o)
    0x08000122   0x08000122   0x00000000   Code   RO         3516    .ARM.Collect$$libinit$$0000001B  c_p.l(libinit2.o)
    0x08000122   0x08000122   0x00000000   Code   RO         3518    .ARM.Collect$$libinit$$0000001D  c_p.l(libinit2.o)
    0x08000122   0x08000122   0x00000000   Code   RO         3520    .ARM.Collect$$libinit$$0000001F  c_p.l(libinit2.o)
    0x08000122   0x08000122   0x00000000   Code   RO         3522    .ARM.Collect$$libinit$$00000021  c_p.l(libinit2.o)
    0x08000122   0x08000122   0x00000000   Code   RO         3524    .ARM.Collect$$libinit$$00000023  c_p.l(libinit2.o)
    0x08000122   0x08000122   0x00000000   Code   RO         3526    .ARM.Collect$$libinit$$00000025  c_p.l(libinit2.o)
    0x08000122   0x08000122   0x00000000   Code   RO         3530    .ARM.Collect$$libinit$$0000002C  c_p.l(libinit2.o)
    0x08000122   0x08000122   0x00000000   Code   RO         3532    .ARM.Collect$$libinit$$0000002E  c_p.l(libinit2.o)
    0x08000122   0x08000122   0x00000000   Code   RO         3534    .ARM.Collect$$libinit$$00000030  c_p.l(libinit2.o)
    0x08000122   0x08000122   0x00000000   Code   RO         3536    .ARM.Collect$$libinit$$00000032  c_p.l(libinit2.o)
    0x08000122   0x08000122   0x00000002   Code   RO         3537    .ARM.Collect$$libinit$$00000033  c_p.l(libinit2.o)
    0x08000124   0x08000124   0x00000002   Code   RO         3568    .ARM.Collect$$libshutdown$$00000000  c_p.l(libshutdown.o)
    0x08000126   0x08000126   0x00000000   Code   RO         3594    .ARM.Collect$$libshutdown$$00000002  c_p.l(libshutdown2.o)
    0x08000126   0x08000126   0x00000000   Code   RO         3596    .ARM.Collect$$libshutdown$$00000004  c_p.l(libshutdown2.o)
    0x08000126   0x08000126   0x00000000   Code   RO         3599    .ARM.Collect$$libshutdown$$00000007  c_p.l(libshutdown2.o)
    0x08000126   0x08000126   0x00000000   Code   RO         3602    .ARM.Collect$$libshutdown$$0000000A  c_p.l(libshutdown2.o)
    0x08000126   0x08000126   0x00000000   Code   RO         3604    .ARM.Collect$$libshutdown$$0000000C  c_p.l(libshutdown2.o)
    0x08000126   0x08000126   0x00000000   Code   RO         3607    .ARM.Collect$$libshutdown$$0000000F  c_p.l(libshutdown2.o)
    0x08000126   0x08000126   0x00000002   Code   RO         3608    .ARM.Collect$$libshutdown$$00000010  c_p.l(libshutdown2.o)
    0x08000128   0x08000128   0x00000000   Code   RO         3435    .ARM.Collect$$rtentry$$00000000  c_p.l(__rtentry.o)
    0x08000128   0x08000128   0x00000000   Code   RO         3444    .ARM.Collect$$rtentry$$00000002  c_p.l(__rtentry2.o)
    0x08000128   0x08000128   0x00000006   Code   RO         3456    .ARM.Collect$$rtentry$$00000004  c_p.l(__rtentry4.o)
    0x0800012e   0x0800012e   0x00000000   Code   RO         3446    .ARM.Collect$$rtentry$$00000009  c_p.l(__rtentry2.o)
    0x0800012e   0x0800012e   0x00000004   Code   RO         3447    .ARM.Collect$$rtentry$$0000000A  c_p.l(__rtentry2.o)
    0x08000132   0x08000132   0x00000000   Code   RO         3449    .ARM.Collect$$rtentry$$0000000C  c_p.l(__rtentry2.o)
    0x08000132   0x08000132   0x00000008   Code   RO         3450    .ARM.Collect$$rtentry$$0000000D  c_p.l(__rtentry2.o)
    0x0800013a   0x0800013a   0x00000002   Code   RO         3485    .ARM.Collect$$rtexit$$00000000  c_p.l(rtexit.o)
    0x0800013c   0x0800013c   0x00000000   Code   RO         3541    .ARM.Collect$$rtexit$$00000002  c_p.l(rtexit2.o)
    0x0800013c   0x0800013c   0x00000004   Code   RO         3542    .ARM.Collect$$rtexit$$00000003  c_p.l(rtexit2.o)
    0x08000140   0x08000140   0x00000006   Code   RO         3543    .ARM.Collect$$rtexit$$00000004  c_p.l(rtexit2.o)
    0x08000146   0x08000146   0x00000002   PAD
    0x08000148   0x08000148   0x00000038   Code   RO         2738    .text               startup_stm32g030xx.o
    0x08000180   0x08000180   0x00000040   Code   RO         3398    .text               c_p.l(rt_memclr.o)
    0x080001c0   0x080001c0   0x0000015a   Code   RO         3400    .text               c_p.l(aeabi_sdiv.o)
    0x0800031a   0x0800031a   0x00000006   Code   RO         3404    .text               c_p.l(heapauxi.o)
    0x08000320   0x08000320   0x0000007c   Code   RO         3408    .text               fz_ps.l(d2f.o)
    0x0800039c   0x0800039c   0x00000358   Code   RO         3410    .text               fz_ps.l(daddsub.o)
    0x080006f4   0x080006f4   0x00000448   Code   RO         3412    .text               fz_ps.l(ddiv.o)
    0x08000b3c   0x08000b3c   0x00000048   Code   RO         3415    .text               fz_ps.l(dfixui.o)
    0x08000b84   0x08000b84   0x00000058   Code   RO         3417    .text               fz_ps.l(dflti.o)
    0x08000bdc   0x08000bdc   0x00000248   Code   RO         3419    .text               fz_ps.l(dmul.o)
    0x08000e24   0x08000e24   0x00000054   Code   RO         3423    .text               fz_ps.l(f2d.o)
    0x08000e78   0x08000e78   0x00000030   Code   RO         3431    .text               fz_ps.l(ffixui.o)
    0x08000ea8   0x08000ea8   0x00000090   Code   RO         3440    .text               fz_ps.l(dcmpin.o)
    0x08000f38   0x08000f38   0x0000002e   Code   RO         3460    .text               fz_ps.l(cmpret.o)
    0x08000f66   0x08000f66   0x00000002   PAD
    0x08000f68   0x08000f68   0x00000014   Code   RO         3462    .text               fz_ps.l(dnan2.o)
    0x08000f7c   0x08000f7c   0x0000003e   Code   RO         3464    .text               c_p.l(sys_stackheap_outer.o)
    0x08000fba   0x08000fba   0x00000010   Code   RO         3467    .text               c_p.l(exit.o)
    0x08000fca   0x08000fca   0x0000005e   Code   RO         3479    .text               fz_ps.l(retnan.o)
    0x08001028   0x08001028   0x00000008   Code   RO         3481    .text               c_p.l(libspace.o)
    0x08001030   0x08001030   0x0000000c   Code   RO         3538    .text               c_p.l(sys_exit.o)
    0x0800103c   0x0800103c   0x00000002   Code   RO         3557    .text               c_p.l(use_no_semi.o)
    0x0800103e   0x0800103e   0x00000000   Code   RO         3559    .text               c_p.l(indicate_semi.o)
    0x0800103e   0x0800103e   0x00000056   Code   RO         3611    .text               c_p.l(__dczerorl2.o)
    0x08001094   0x08001094   0x00000080   Code   RO         2422    i.ADC_DMAConvCplt   stm32g0xx_hal_adc.o
    0x08001114   0x08001114   0x0000001a   Code   RO         2423    i.ADC_DMAError      stm32g0xx_hal_adc.o
    0x0800112e   0x0800112e   0x0000000a   Code   RO         2424    i.ADC_DMAHalfConvCplt  stm32g0xx_hal_adc.o
    0x08001138   0x08001138   0x00000074   Code   RO         2425    i.ADC_Disable       stm32g0xx_hal_adc.o
    0x080011ac   0x080011ac   0x00000050   Code   RO         2958    i.ADC_Dma_Init      adc.o
    0x080011fc   0x080011fc   0x000000b4   Code   RO         2426    i.ADC_Enable        stm32g0xx_hal_adc.o
    0x080012b0   0x080012b0   0x000000e0   Code   RO         2959    i.ADC_Init          adc.o
    0x08001390   0x08001390   0x00000016   Code   RO         3281    i.AT24C32_Begin     at24c32.o
    0x080013a6   0x080013a6   0x0000003c   Code   RO         3283    i.AT24C32_Read_OneByte  at24c32.o
    0x080013e2   0x080013e2   0x00000034   Code   RO         3284    i.AT24C32_Write_OneByte  at24c32.o
    0x08001416   0x08001416   0x00000002   PAD
    0x08001418   0x08001418   0x00000030   Code   RO         1703    i.DMA_CalcDMAMUXChannelBaseAndMask  stm32g0xx_hal_dma.o
    0x08001448   0x08001448   0x00000028   Code   RO         1704    i.DMA_CalcDMAMUXRequestGenBaseAndMask  stm32g0xx_hal_dma.o
    0x08001470   0x08001470   0x00000048   Code   RO         1705    i.DMA_SetConfig     stm32g0xx_hal_dma.o
    0x080014b8   0x080014b8   0x00000014   Code   RO         3249    i.Delay_init        delay.o
    0x080014cc   0x080014cc   0x00000030   Code   RO         3163    i.GPIO_Begin        key.o
    0x080014fc   0x080014fc   0x00000074   Code   RO         3083    i.GPIO_NMos_Init    menu.o
    0x08001570   0x08001570   0x00000060   Code   RO         3330    i.GPIO_OUT_IN       wire.o
    0x080015d0   0x080015d0   0x0000004c   Code   RO         3331    i.GPIO_inits        wire.o
    0x0800161c   0x0800161c   0x00000128   Code   RO         2635    i.HAL_ADCEx_Calibration_Start  stm32g0xx_hal_adc_ex.o
    0x08001744   0x08001744   0x00000224   Code   RO         2428    i.HAL_ADC_ConfigChannel  stm32g0xx_hal_adc.o
    0x08001968   0x08001968   0x00000002   Code   RO         2429    i.HAL_ADC_ConvCpltCallback  stm32g0xx_hal_adc.o
    0x0800196a   0x0800196a   0x00000002   Code   RO         2430    i.HAL_ADC_ConvHalfCpltCallback  stm32g0xx_hal_adc.o
    0x0800196c   0x0800196c   0x00000002   Code   RO         2432    i.HAL_ADC_ErrorCallback  stm32g0xx_hal_adc.o
    0x0800196e   0x0800196e   0x00000002   PAD
    0x08001970   0x08001970   0x00000220   Code   RO         2437    i.HAL_ADC_Init      stm32g0xx_hal_adc.o
    0x08001b90   0x08001b90   0x00000002   Code   RO         2440    i.HAL_ADC_MspInit   stm32g0xx_hal_adc.o
    0x08001b92   0x08001b92   0x00000002   PAD
    0x08001b94   0x08001b94   0x000000b4   Code   RO         2444    i.HAL_ADC_Start_DMA  stm32g0xx_hal_adc.o
    0x08001c48   0x08001c48   0x000000a4   Code   RO         1712    i.HAL_DMA_Init      stm32g0xx_hal_dma.o
    0x08001cec   0x08001cec   0x0000008c   Code   RO         1716    i.HAL_DMA_Start_IT  stm32g0xx_hal_dma.o
    0x08001d78   0x08001d78   0x00000024   Code   RO         2164    i.HAL_Delay         stm32g0xx_hal.o
    0x08001d9c   0x08001d9c   0x0000015c   Code   RO         1639    i.HAL_GPIO_Init     stm32g0xx_hal_gpio.o
    0x08001ef8   0x08001ef8   0x0000000a   Code   RO         1641    i.HAL_GPIO_ReadPin  stm32g0xx_hal_gpio.o
    0x08001f02   0x08001f02   0x0000000c   Code   RO         1643    i.HAL_GPIO_WritePin  stm32g0xx_hal_gpio.o
    0x08001f0e   0x08001f0e   0x00000002   PAD
    0x08001f10   0x08001f10   0x0000000c   Code   RO         2168    i.HAL_GetTick       stm32g0xx_hal.o
    0x08001f1c   0x08001f1c   0x00000010   Code   RO         2174    i.HAL_IncTick       stm32g0xx_hal.o
    0x08001f2c   0x08001f2c   0x00000028   Code   RO         2175    i.HAL_Init          stm32g0xx_hal.o
    0x08001f54   0x08001f54   0x00000048   Code   RO         2176    i.HAL_InitTick      stm32g0xx_hal.o
    0x08001f9c   0x08001f9c   0x0000002c   Code   RO          255    i.HAL_MspInit       stm32g0xx_hal_msp.o
    0x08001fc8   0x08001fc8   0x00000018   Code   RO         2052    i.HAL_NVIC_EnableIRQ  stm32g0xx_hal_cortex.o
    0x08001fe0   0x08001fe0   0x00000008   Code   RO         2056    i.HAL_NVIC_SetPriority  stm32g0xx_hal_cortex.o
    0x08001fe8   0x08001fe8   0x0000004c   Code   RO         1937    i.HAL_PWREx_ControlVoltageScaling  stm32g0xx_hal_pwr_ex.o
    0x08002034   0x08002034   0x00000158   Code   RO         1289    i.HAL_RCC_ClockConfig  stm32g0xx_hal_rcc.o
    0x0800218c   0x0800218c   0x0000008c   Code   RO         1299    i.HAL_RCC_GetSysClockFreq  stm32g0xx_hal_rcc.o
    0x08002218   0x08002218   0x000003d8   Code   RO         1303    i.HAL_RCC_OscConfig  stm32g0xx_hal_rcc.o
    0x080025f0   0x080025f0   0x00000018   Code   RO         2058    i.HAL_SYSTICK_CLKSourceConfig  stm32g0xx_hal_cortex.o
    0x08002608   0x08002608   0x00000030   Code   RO         2060    i.HAL_SYSTICK_Config  stm32g0xx_hal_cortex.o
    0x08002638   0x08002638   0x00000002   Code   RO          989    i.HAL_TIMEx_Break2Callback  stm32g0xx_hal_tim_ex.o
    0x0800263a   0x0800263a   0x00000002   Code   RO          990    i.HAL_TIMEx_BreakCallback  stm32g0xx_hal_tim_ex.o
    0x0800263c   0x0800263c   0x00000002   Code   RO          991    i.HAL_TIMEx_CommutCallback  stm32g0xx_hal_tim_ex.o
    0x0800263e   0x0800263e   0x00000002   PAD
    0x08002640   0x08002640   0x00000064   Code   RO         1012    i.HAL_TIMEx_MasterConfigSynchronization  stm32g0xx_hal_tim_ex.o
    0x080026a4   0x080026a4   0x0000004c   Code   RO          277    i.HAL_TIM_Base_Init  stm32g0xx_hal_tim.o
    0x080026f0   0x080026f0   0x00000002   Code   RO          279    i.HAL_TIM_Base_MspInit  stm32g0xx_hal_tim.o
    0x080026f2   0x080026f2   0x00000002   PAD
    0x080026f4   0x080026f4   0x00000050   Code   RO          282    i.HAL_TIM_Base_Start_IT  stm32g0xx_hal_tim.o
    0x08002744   0x08002744   0x000000e0   Code   RO          286    i.HAL_TIM_ConfigClockSource  stm32g0xx_hal_tim.o
    0x08002824   0x08002824   0x00000002   Code   RO          311    i.HAL_TIM_IC_CaptureCallback  stm32g0xx_hal_tim.o
    0x08002826   0x08002826   0x00000002   PAD
    0x08002828   0x08002828   0x00000184   Code   RO          325    i.HAL_TIM_IRQHandler  stm32g0xx_hal_tim.o
    0x080029ac   0x080029ac   0x00000002   Code   RO          328    i.HAL_TIM_OC_DelayElapsedCallback  stm32g0xx_hal_tim.o
    0x080029ae   0x080029ae   0x00000002   Code   RO          355    i.HAL_TIM_PWM_PulseFinishedCallback  stm32g0xx_hal_tim.o
    0x080029b0   0x080029b0   0x00000114   Code   RO         3209    i.HAL_TIM_PeriodElapsedCallback  timer.o
    0x08002ac4   0x08002ac4   0x00000002   Code   RO          368    i.HAL_TIM_TriggerCallback  stm32g0xx_hal_tim.o
    0x08002ac6   0x08002ac6   0x00000002   Code   RO          208    i.HardFault_Handler  stm32g0xx_it.o
    0x08002ac8   0x08002ac8   0x00000050   Code   RO         3333    i.I2C_ACK_Wait      wire.o
    0x08002b18   0x08002b18   0x00000046   Code   RO         3334    i.I2C_NACK          wire.o
    0x08002b5e   0x08002b5e   0x00000052   Code   RO         3335    i.I2C_Read_Byte     wire.o
    0x08002bb0   0x08002bb0   0x00000064   Code   RO         3336    i.I2C_Send_Byte     wire.o
    0x08002c14   0x08002c14   0x00000040   Code   RO         2744    i.I2C_Start         oled.o
    0x08002c54   0x08002c54   0x00000030   Code   RO         2745    i.I2C_Stop          oled.o
    0x08002c84   0x08002c84   0x0000003e   Code   RO         3337    i.I2C_Stopping      wire.o
    0x08002cc2   0x08002cc2   0x00000044   Code   RO         3338    i.I2C_Strat         wire.o
    0x08002d06   0x08002d06   0x00000002   PAD
    0x08002d08   0x08002d08   0x00000034   Code   RO         2746    i.I2C_WaitAck       oled.o
    0x08002d3c   0x08002d3c   0x0000000e   Code   RO         2747    i.IIC_delay         oled.o
    0x08002d4a   0x08002d4a   0x00000002   PAD
    0x08002d4c   0x08002d4c   0x00000148   Code   RO         3164    i.Key_Loop          key.o
    0x08002e94   0x08002e94   0x00000008   Code   RO         2449    i.LL_ADC_IsEnabled  stm32g0xx_hal_adc.o
    0x08002e9c   0x08002e9c   0x00000008   Code   RO         2641    i.LL_ADC_IsEnabled  stm32g0xx_hal_adc_ex.o
    0x08002ea4   0x08002ea4   0x00000008   Code   RO         2450    i.LL_ADC_REG_IsConversionOngoing  stm32g0xx_hal_adc.o
    0x08002eac   0x08002eac   0x00000010   Code   RO         2451    i.LL_ADC_REG_IsTriggerSourceSWStart  stm32g0xx_hal_adc.o
    0x08002ebc   0x08002ebc   0x0000000e   Code   RO         2453    i.LL_ADC_SetCommonPathInternalCh  stm32g0xx_hal_adc.o
    0x08002eca   0x08002eca   0x00000016   Code   RO         2454    i.LL_ADC_SetSamplingTimeCommonChannels  stm32g0xx_hal_adc.o
    0x08002ee0   0x08002ee0   0x00000018   Code   RO         3084    i.Menu_Loop         menu.o
    0x08002ef8   0x08002ef8   0x00000002   Code   RO          209    i.NMI_Handler       stm32g0xx_it.o
    0x08002efa   0x08002efa   0x00000002   PAD
    0x08002efc   0x08002efc   0x00000030   Code   RO         2748    i.OLED_Clear        oled.o
    0x08002f2c   0x08002f2c   0x0000001a   Code   RO         2751    i.OLED_ColorTurn    oled.o
    0x08002f46   0x08002f46   0x0000002a   Code   RO         2754    i.OLED_DisplayTurn  oled.o
    0x08002f70   0x08002f70   0x0000009c   Code   RO         2756    i.OLED_DrawLine     oled.o
    0x0800300c   0x0800300c   0x00000030   Code   RO         2757    i.OLED_DrawPoint    oled.o
    0x0800303c   0x0800303c   0x0000004a   Code   RO         2759    i.OLED_Draw_Rect    oled.o
    0x08003086   0x08003086   0x00000002   PAD
    0x08003088   0x08003088   0x00000114   Code   RO         2760    i.OLED_Init         oled.o
    0x0800319c   0x0800319c   0x00000014   Code   RO         2761    i.OLED_Pow          oled.o
    0x080031b0   0x080031b0   0x00000064   Code   RO         2762    i.OLED_Refresh      oled.o
    0x08003214   0x08003214   0x000000e4   Code   RO         2764    i.OLED_ShowChar     oled.o
    0x080032f8   0x080032f8   0x000000c0   Code   RO         2765    i.OLED_ShowChinese  oled.o
    0x080033b8   0x080033b8   0x0000008c   Code   RO         2767    i.OLED_ShowFloatNum2  oled.o
    0x08003444   0x08003444   0x00000094   Code   RO         2768    i.OLED_ShowFloatNum4  oled.o
    0x080034d8   0x080034d8   0x00000094   Code   RO         2769    i.OLED_ShowFloatNum5  oled.o
    0x0800356c   0x0800356c   0x00000090   Code   RO         2770    i.OLED_ShowFloatNum_8  oled.o
    0x080035fc   0x080035fc   0x0000006a   Code   RO         2771    i.OLED_ShowNum      oled.o
    0x08003666   0x08003666   0x00000098   Code   RO         2772    i.OLED_ShowPicture  oled.o
    0x080036fe   0x080036fe   0x0000003a   Code   RO         2773    i.OLED_ShowString   oled.o
    0x08003738   0x08003738   0x00000036   Code   RO         2774    i.OLED_WR_Byte      oled.o
    0x0800376e   0x0800376e   0x00000002   Code   RO          210    i.PendSV_Handler    stm32g0xx_it.o
    0x08003770   0x08003770   0x00000038   Code   RO         2992    i.SD_swith_Gui_OFF  menu_gui.o
    0x080037a8   0x080037a8   0x00000036   Code   RO         2993    i.SD_swith_Gui_ON   menu_gui.o
    0x080037de   0x080037de   0x00000002   Code   RO          211    i.SVC_Handler       stm32g0xx_it.o
    0x080037e0   0x080037e0   0x0000004c   Code   RO         2775    i.Send_Byte         oled.o
    0x0800382c   0x0800382c   0x0000002c   Code   RO         3165    i.Set_Init          key.o
    0x08003858   0x08003858   0x00000060   Code   RO         3166    i.Sound_ON_OFF      key.o
    0x080038b8   0x080038b8   0x00000008   Code   RO          212    i.SysTick_Handler   stm32g0xx_it.o
    0x080038c0   0x080038c0   0x00000068   Code   RO            4    i.SystemClock_Config  main.o
    0x08003928   0x08003928   0x00000002   Code   RO         2704    i.SystemInit        system_stm32g0xx.o
    0x0800392a   0x0800392a   0x00000002   PAD
    0x0800392c   0x0800392c   0x00000010   Code   RO         3210    i.TIM1_BRK_UP_TRG_COM_IRQHandler  timer.o
    0x0800393c   0x0800393c   0x00000078   Code   RO          370    i.TIM_Base_SetConfig  stm32g0xx_hal_tim.o
    0x080039b4   0x080039b4   0x00000016   Code   RO          381    i.TIM_ETR_SetConfig  stm32g0xx_hal_tim.o
    0x080039ca   0x080039ca   0x00000002   PAD
    0x080039cc   0x080039cc   0x00000014   Code   RO          382    i.TIM_ITRx_SetConfig  stm32g0xx_hal_tim.o
    0x080039e0   0x080039e0   0x00000022   Code   RO          390    i.TIM_TI1_ConfigInputStage  stm32g0xx_hal_tim.o
    0x08003a02   0x08003a02   0x00000026   Code   RO          392    i.TIM_TI2_ConfigInputStage  stm32g0xx_hal_tim.o
    0x08003a28   0x08003a28   0x0000007c   Code   RO         3211    i.Timer_Init        timer.o
    0x08003aa4   0x08003aa4   0x00000044   Code   RO         2062    i.__NVIC_SetPriority  stm32g0xx_hal_cortex.o
    0x08003ae8   0x08003ae8   0x00000034   Code   RO         3250    i.delay_us          delay.o
    0x08003b1c   0x08003b1c   0x00000078   Code   RO            5    i.main              main.o
    0x08003b94   0x08003b94   0x00000134   Code   RO         2994    i.menu_SD_switch_gui  menu_gui.o
    0x08003cc8   0x08003cc8   0x0000005e   Code   RO         2995    i.menu_Set_Post_gui  menu_gui.o
    0x08003d26   0x08003d26   0x00000002   PAD
    0x08003d28   0x08003d28   0x000000dc   Code   RO         2996    i.menu_Set_Rt_gui   menu_gui.o
    0x08003e04   0x08003e04   0x000000d8   Code   RO         2997    i.menu_Set_Sound_gui  menu_gui.o
    0x08003edc   0x08003edc   0x000000d8   Code   RO         2998    i.menu_Set_UI_gui   menu_gui.o
    0x08003fb4   0x08003fb4   0x000000f8   Code   RO         2999    i.menu_Timer_gui    menu_gui.o
    0x080040ac   0x080040ac   0x00000090   Code   RO         3000    i.menu_information_gui  menu_gui.o
    0x0800413c   0x0800413c   0x00000230   Code   RO         3001    i.menu_main_gui     menu_gui.o
    0x0800436c   0x0800436c   0x00000008   Code   RO         3085    i.menu_part_main    menu.o
    0x08004374   0x08004374   0x00000008   Code   RO         3086    i.menu_part_son_five  menu.o
    0x0800437c   0x0800437c   0x00000008   Code   RO         3087    i.menu_part_son_four  menu.o
    0x08004384   0x08004384   0x00000008   Code   RO         3088    i.menu_part_son_one  menu.o
    0x0800438c   0x0800438c   0x00000008   Code   RO         3089    i.menu_part_son_seven  menu.o
    0x08004394   0x08004394   0x00000008   Code   RO         3090    i.menu_part_son_six  menu.o
    0x0800439c   0x0800439c   0x00000008   Code   RO         3091    i.menu_part_son_three  menu.o
    0x080043a4   0x080043a4   0x00000008   Code   RO         3092    i.menu_part_son_tow  menu.o
    0x080043ac   0x080043ac   0x000000c0   Code   RO         3002    i.menu_switch_gui   menu_gui.o
    0x0800446c   0x0800446c   0x00000068   Code   RO         3421    x$fpl$drleqf        fz_ps.l(drlef.o)
    0x080044d4   0x080044d4   0x0000008c   Code   RO         3425    x$fpl$fadd          fz_ps.l(faddsub.o)
    0x08004560   0x08004560   0x000000b0   Code   RO         3433    x$fpl$fmul          fz_ps.l(fmul.o)
    0x08004610   0x08004610   0x000000d0   Code   RO         3427    x$fpl$fsub          fz_ps.l(faddsub.o)
    0x080046e0   0x080046e0   0x00000000   Code   RO         3442    x$fpl$usenofp       fz_ps.l(usenofp.o)
    0x080046e0   0x080046e0   0x00000040   Data   RO         2705    .constdata          system_stm32g0xx.o
    0x08004720   0x08004720   0x00001d30   Data   RO         2777    .constdata          oled.o
    0x08006450   0x08006450   0x00000080   Data   RO         3413    .constdata          fz_ps.l(ddiv.o)
    0x080064d0   0x080064d0   0x00000020   Data   RO         3609    Region$$Table       anon$$obj.o


    Execution Region RW_IRAM1 (Exec base: 0x20000000, Load base: 0x080064f0, Size: 0x00000bc0, Max: 0x00002000, ABSOLUTE, COMPRESSED[0x000000ec])

    Exec Addr    Load Addr    Size         Type   Attr      Idx    E Section Name        Object

    0x20000000   COMPRESSED   0x0000000c   Data   RW         2188    .data               stm32g0xx_hal.o
    0x2000000c   COMPRESSED   0x00000004   Data   RW         2707    .data               system_stm32g0xx.o
    0x20000010   COMPRESSED   0x00000008   Data   RW         2961    .data               adc.o
    0x20000018   COMPRESSED   0x00000160   Data   RW         3004    .data               menu_gui.o
    0x20000178   COMPRESSED   0x00000058   Data   RW         3093    .data               menu.o
    0x200001d0   COMPRESSED   0x00000005   Data   RW         3167    .data               key.o
    0x200001d5   COMPRESSED   0x00000003   PAD
    0x200001d8   COMPRESSED   0x00000020   Data   RW         3213    .data               timer.o
    0x200001f8   COMPRESSED   0x00000004   Data   RW         3251    .data               delay.o
    0x200001fc        -       0x00000240   Zero   RW         2776    .bss                oled.o
    0x2000043c        -       0x000000cc   Zero   RW         2960    .bss                adc.o
    0x20000508        -       0x0000000c   Zero   RW         3003    .bss                menu_gui.o
    0x20000514        -       0x0000004c   Zero   RW         3212    .bss                timer.o
    0x20000560        -       0x00000060   Zero   RW         3482    .bss                c_p.l(libspace.o)
    0x200005c0        -       0x00000200   Zero   RW         2736    HEAP                startup_stm32g030xx.o
    0x200007c0        -       0x00000400   Zero   RW         2735    STACK               startup_stm32g030xx.o


==============================================================================

Image component sizes


      Code (inc. data)   RO Data    RW Data    ZI Data      Debug   Object Name

       304         40          0          8        204       1685   adc.o
       134          0          0          0          0       1531   at24c32.o
        72         12          0          4          0       1204   delay.o
       516         32          0          5          0       2712   key.o
       224         20          0          0          0     383348   main.o
       204         14          0         88          0       5718   menu.o
      2308        298          0        352         12       7228   menu_gui.o
      2414         88       7472          0        576      19201   oled.o
        56         26        192          0       1536        588   startup_stm32g030xx.o
       176         26          0         12          0      15893   stm32g0xx_hal.o
      1808        102          0          0          0      44470   stm32g0xx_hal_adc.o
       304         14          0          0          0      34126   stm32g0xx_hal_adc_ex.o
       172         28          0          0          0      12575   stm32g0xx_hal_cortex.o
       464         28          0          0          0       3826   stm32g0xx_hal_dma.o
       370         18          0          0          0       2499   stm32g0xx_hal_gpio.o
        44          6          0          0          0        794   stm32g0xx_hal_msp.o
        76         14          0          0          0        722   stm32g0xx_hal_pwr_ex.o
      1468         74          0          0          0       4326   stm32g0xx_hal_rcc.o
      1012         46          0          0          0       9808   stm32g0xx_hal_tim.o
       106         10          0          0          0       2884   stm32g0xx_hal_tim_ex.o
        16          0          0          0          0       2043   stm32g0xx_it.o
         2          0         64          4          0       1063   system_stm32g0xx.o
       416         76          0         32         76       2331   timer.o
       634         12          0          0          0       4280   wire.o

    ----------------------------------------------------------------------
     13328        984       7760        508       2404     564855   Object Totals
         0          0         32          0          0          0   (incl. Generated)
        28          0          0          3          0          0   (incl. Padding)

    ----------------------------------------------------------------------

      Code (inc. data)   RO Data    RW Data    ZI Data      Debug   Library Member Name

        86          0          0          0          0          0   __dczerorl2.o
         8          0          0          0          0         68   __main.o
         0          0          0          0          0          0   __rtentry.o
        12          0          0          0          0          0   __rtentry2.o
         6          0          0          0          0          0   __rtentry4.o
        60          8          0          0          0          0   __scatter.o
        28          0          0          0          0          0   __scatter_zi.o
       346          0          0          0          0         92   aeabi_sdiv.o
        16          0          0          0          0         68   exit.o
         6          0          0          0          0        136   heapauxi.o
         0          0          0          0          0          0   indicate_semi.o
         2          0          0          0          0          0   libinit.o
         2          0          0          0          0          0   libinit2.o
         2          0          0          0          0          0   libshutdown.o
         2          0          0          0          0          0   libshutdown2.o
         8          4          0          0         96         68   libspace.o
        64          0          0          0          0        108   rt_memclr.o
         2          0          0          0          0          0   rtexit.o
        10          0          0          0          0          0   rtexit2.o
        12          4          0          0          0         60   sys_exit.o
        62          0          0          0          0         80   sys_stackheap_outer.o
         2          0          0          0          0         68   use_no_semi.o
        46          0          0          0          0         60   cmpret.o
       124          4          0          0          0         72   d2f.o
       856         20          0          0          0        208   daddsub.o
       144          4          0          0          0         76   dcmpin.o
      1096         26        128          0          0        112   ddiv.o
        72          4          0          0          0         68   dfixui.o
        88          0          0          0          0         92   dflti.o
       584         26          0          0          0         84   dmul.o
        20          6          0          0          0         68   dnan2.o
       104          4          0          0          0        104   drlef.o
        84          4          0          0          0         60   f2d.o
       348          8          0          0          0        160   faddsub.o
        48          0          0          0          0         60   ffixui.o
       176          4          0          0          0         80   fmul.o
        94          0          0          0          0         68   retnan.o
         0          0          0          0          0          0   usenofp.o

    ----------------------------------------------------------------------
      4624        126        128          0         96       2120   Library Totals
         4          0          0          0          0          0   (incl. Padding)

    ----------------------------------------------------------------------

      Code (inc. data)   RO Data    RW Data    ZI Data      Debug   Library Name

       736         16          0          0         96        748   c_p.l
      3884        110        128          0          0       1372   fz_ps.l

    ----------------------------------------------------------------------
      4624        126        128          0         96       2120   Library Totals

    ----------------------------------------------------------------------

==============================================================================


      Code (inc. data)   RO Data    RW Data    ZI Data      Debug   

     17952       1110       7888        508       2500     560247   Grand Totals
     17952       1110       7888        236       2500     560247   ELF Image Totals (compressed)
     17952       1110       7888        236          0          0   ROM Totals

==============================================================================

    Total RO  Size (Code + RO Data)                25840 (  25.23kB)
    Total RW  Size (RW Data + ZI Data)              3008 (   2.94kB)
    Total ROM Size (Code + RO Data + RW Data)      26076 (  25.46kB)

==============================================================================

