<html>
<body>
<pre>
<h1>µVision Build Log</h1>
<h2>Tool Versions:</h2>
IDE-Version: ¦ÌVision V5.37.0.0
Copyright (C) 2022 ARM Ltd and ARM Germany GmbH. All rights reserved.
License Information: 1 xwp, 1, LIC=YA39H-WDGZD-FWR2N-YZ03S-34TUM-09S9L
 
Tool Versions:
Toolchain:       MDK-ARM Plus  Version: 5.37.0.0
Toolchain Path:  D:\keil\ARM\ARMCC\Bin
C Compiler:      Armcc.exe V5.06 update 5 (build 528)
Assembler:       Armasm.exe V5.06 update 5 (build 528)
Linker/Locator:  ArmLink.exe V5.06 update 5 (build 528)
Library Manager: ArmAr.exe V5.06 update 5 (build 528)
Hex Converter:   FromElf.exe V5.06 update 5 (build 528)
CPU DLL:         
Dialog DLL:      DARMCM1.DLL V1.19.6.0
Target DLL:      STLink\ST-LINKIII-KEIL_SWO.dll V3.0.9.0
Dialog DLL:      TARMCM1.DLL V1.14.6.0
 
<h2>Project:</h2>
C:\Users\xwp\Desktop\USB2.0s\USB2.0\MDK-ARM\USB2.0.uvprojx
Project File Date:  03/21/2023

<h2>Output:</h2>
*** Using Compiler 'V5.06 update 5 (build 528)', folder: 'D:\keil\ARM\ARMCC\Bin'
Build target 'USB2.0'
compiling main.c...
.\ADC\ADC.h(19): warning:  #1-D: last line of file ends without a newline
  #endif
.\menu\menu_gui.h(30): warning:  #1-D: last line of file ends without a newline
  #endif
.\Key\Key.h(20): warning:  #1-D: last line of file ends without a newline
  #endif
.\menu\menu.h(47): warning:  #1-D: last line of file ends without a newline
  #endif 
.\Timer\Timer.h(16): warning:  #1-D: last line of file ends without a newline
  #endif 
.\Delay\Delay.h(7): warning:  #1-D: last line of file ends without a newline
  #endif
.\Wire\AT24C32.h(19): warning:  #1-D: last line of file ends without a newline
  #endif
../Core/Src/main.c(37): warning:  #188-D: enumerated type mixed with another type
  	 	HAL_GPIO_WritePin(
PIOA,
MOS_1,switch_Flag);
../Core/Src/main.c: 8 warnings, 0 errors
linking...
Program Size: Code=17952 RO-data=7888 RW-data=508 ZI-data=2500  
FromELF: creating hex file...
"..\USB2.0" - 0 Error(s), 8 Warning(s).

<h2>Software Packages used:</h2>

Package Vendor: ARM
                http://www.keil.com/pack/ARM.CMSIS.5.9.0.pack
                ARM.CMSIS.5.9.0
                CMSIS (Common Microcontroller Software Interface Standard)
   * Component: CORE Version: 5.6.0

Package Vendor: Keil
                http://www.keil.com/pack/Keil.STM32G0xx_DFP.1.4.0.pack
                Keil.STM32G0xx_DFP.1.4.0
                STMicroelectronics STM32G0 Series Device Support

<h2>Collection of Component include folders:</h2>
  ./RTE/_USB2.0
  D:/keil/ARM/PACK/ARM/CMSIS/5.9.0/CMSIS/Core/Include
  D:/keil/ARM/PACK/Keil/STM32G0xx_DFP/1.4.0/Drivers/CMSIS/Device/ST/STM32G0xx/Include

<h2>Collection of Component Files used:</h2>

   * Component: ARM::CMSIS:CORE:5.6.0
      Include file:  CMSIS/Core/Include/tz_context.h
Build Time Elapsed:  00:00:02
</pre>
</body>
</html>
